Jan 12 15:49:19 CS-3013-VM rsyslogd: [origin software="rsyslogd" swVersion="8.16.0" x-pid="1463" x-info="http://www.rsyslog.com"] rsyslogd was HUPed
Jan 12 15:49:24 CS-3013-VM anacron[1468]: Job `cron.daily' terminated
Jan 12 15:51:23 CS-3013-VM dbus[1461]: [system] Activating via systemd: service name='org.freedesktop.hostname1' unit='dbus-org.freedesktop.hostname1.service'
Jan 12 15:51:23 CS-3013-VM systemd[1]: Starting Hostname Service...
Jan 12 15:51:23 CS-3013-VM dbus[1461]: [system] Successfully activated service 'org.freedesktop.hostname1'
Jan 12 15:51:23 CS-3013-VM systemd[1]: Started Hostname Service.
Jan 12 15:51:32 CS-3013-VM org.gnome.zeitgeist.SimpleIndexer[2747]: ** (zeitgeist-fts:3237): WARNING **: Unable to get info on application://nautilus-autostart.desktop
Jan 12 15:52:02 CS-3013-VM dbus[1461]: [system] Activating via systemd: service name='org.freedesktop.hostname1' unit='dbus-org.freedesktop.hostname1.service'
Jan 12 15:52:02 CS-3013-VM systemd[1]: Starting Hostname Service...
Jan 12 15:52:02 CS-3013-VM dbus[1461]: [system] Successfully activated service 'org.freedesktop.hostname1'
Jan 12 15:52:02 CS-3013-VM systemd[1]: Started Hostname Service.
Jan 12 15:52:59 CS-3013-VM kernel: [  533.139760] hello: loading out-of-tree module taints kernel.
Jan 12 15:52:59 CS-3013-VM kernel: [  533.139764] hello: module license 'unspecified' taints kernel.
Jan 12 15:52:59 CS-3013-VM kernel: [  533.139765] Disabling lock debugging due to kernel taint
Jan 12 15:52:59 CS-3013-VM kernel: [  533.140666] Hello World!
Jan 12 15:54:18 CS-3013-VM anacron[1468]: Job `cron.weekly' started
Jan 12 15:54:18 CS-3013-VM anacron[4970]: Updated timestamp for job `cron.weekly' to 2018-01-12
Jan 12 15:54:21 CS-3013-VM anacron[1468]: Job `cron.weekly' terminated
\00\00\00\00\00\00\00\00\00\00\00\00\00\00\00\00\00\00\00\00\00\00\00\00\00\00\00\00\00\00\00\00\00\00\00\00\00\00\00\00\00\00\00\00\00\00\00\00\00\00\00\00\00\00\00\00\00\00\00\00\00\00\00\00\00\00\00\00\00\00\00\00\00\00\00\00\00\00\00\00\00\00\00\00\00\00\00\00\00\00\00\00\00\00\00\00\00\00\00\00\00\00\00\00\00\00\00\00\00\00\00\00\00\00\00\00\00\00\00\00\00\00\00\00\00\00\00\00\00\00\00\00\00\00\00\00\00\00\00\00\00\00\00\00\00\00\00\00\00\00\00\00\00\00\00\00\00\00\00\00\00\00\00\00\00\00\00\00\00\00\00\00\00\00\00\00\00\00\00\00\00\00\00\00\00\00\00\00\00\00\00\00\00\00\00\00\00\00\00\00\00\00\00\00\00\00\00\00\00\00\00\00\00\00\00\00\00\00\00\00\00\00\00\00\00\00\00\00\00\00\00\00\00\00\00\00\00\00\00\00\00\00\00\00\00\00\00\00\00\00\00\00\00\00\00\00\00\00\00\00\00\00\00\00\00\00\00\00\00\00\00\00\00\00\00\00\00\00\00\00\00\00\00\00\00\00\00\00\00\00\00\00\00\00\00\00\00\00\00\00\00\00\00\00\00\00\00\00\00\00\00\00\00\00\00\00\00\00\00\00\00\00\00\00\00\00\00\00\00\00\00\00\00\00\00\00\00\00\00\00\00\00\00\00\00\00\00\00\00\00\00\00\00\00\00\00\00\00\00\00\00\00\00\00\00\00\00\00\00\00\00\00\00\00\00\00\00\00\00\00\00\00\00\00\00\00\00\00\00\00\00\00\00\00\00\00\00\00\00\00\00\00\00\00\00\00\00\00\00\00\00\00\00\00\00\00\00\00\00\00\00\00\00\00\00\00\00\00\00\00\00\00\00\00\00\00\00\00\00\00\00\00\00\00\00\00\00\00\00\00\00\00\00\00\00\00\00\00\00\00\00\00\00\00\00\00\00\00\00\00\00\00\00\00\00\00\00\00\00\00\00\00\00\00\00\00\00\00\00\00\00\00\00\00\00\00\00\00\00\00\00\00\00\00\00\00\00\00\00\00\00\00\00\00\00\00\00\00\00\00\00\00\00\00\00\00\00\00\00\00\00\00\00\00\00\00\00\00\00\00\00\00\00\00\00\00\00\00\00\00\00\00\00\00\00\00\00\00\00\00\00\00\00\00\00\00\00\00\00\00\00\00\00\00\00\00\00\00\00\00\00\00\00\00\00\00\00\00\00\00\00\00\00\00\00\00\00\00\00\00\00\00\00\00\00\00\00\00\00\00\00\00\00\00\00\00\00\00\00\00\00\00\00\00\00\00\00\00\00\00\00\00\00\00\00\00\00\00\00\00\00\00\00\00\00\00\00\00\00\00\00\00\00\00\00\00\00\00\00\00\00\00\00\00\00\00\00\00\00\00\00\00\00\00\00\00\00\00\00\00\00\00\00\00\00\00\00\00\00\00\00\00\00\00\00\00\00\00\00\00\00\00\00\00\00\00\00\00\00\00\00\00\00\00\00\00\00\00\00\00\00\00\00\00\00\00\00\00\00\00\00\00\00\00\00\00\00\00\00\00\00\00\00\00\00\00\00\00\00\00\00\00\00\00\00\00\00\00\00\00\00\00\00\00\00\00\00\00\00\00\00\00\00\00\00\00\00\00\00\00\00\00\00\00\00\00\00\00\00\00\00\00\00\00\00\00\00\00\00\00\00\00\00\00\00\00\00\00\00\00\00\00\00\00\00\00\00\00\00\00\00\00\00\00\00\00\00\00\00\00\00\00\00\00\00\00\00\00\00\00\00\00\00\00\00\00\00\00\00\00\00\00\00\00\00\00\00\00\00\00\00\00\00\00\00\00\00\00\00\00\00\00\00\00\00\00\00\00\00\00\00\00\00\00\00\00\00\00\00\00\00\00\00\00\00\00\00\00\00\00\00\00\00\00\00\00\00\00\00\00\00\00\00\00\00\00\00\00\00\00\00\00\00\00\00\00\00\00\00\00\00\00\00\00\00\00\00\00\00\00\00\00\00\00\00\00\00\00\00\00\00\00\00\00\00\00\00\00\00\00\00\00\00\00\00\00\00\00\00\00\00\00\00\00\00\00\00\00\00\00\00\00\00\00\00\00\00\00\00\00\00\00\00\00\00\00\00\00\00\00\00\00\00\00\00\00\00\00\00\00\00\00\00\00\00\00\00\00\00\00\00\00\00\00\00\00\00\00\00\00\00\00\00\00\00\00\00\00\00\00\00\00\00\00\00\00\00\00\00\00\00\00\00\00\00\00\00\00\00\00\00\00\00\00\00\00\00\00\00\00\00\00\00\00\00\00\00\00\00\00\00\00\00\00\00\00\00\00\00\00\00\00\00\00\00\00\00\00\00\00\00\00\00\00\00\00\00\00\00\00\00\00\00\00\00\00\00\00\00\00\00\00\00\00\00\00\00\00\00\00\00\00\00\00\00\00\00\00\00\00\00\00\00\00\00\00\00\00\00\00\00\00\00\00\00\00\00\00\00\00\00\00\00\00\00\00\00\00\00\00\00\00\00\00\00\00\00\00\00\00\00\00\00\00\00\00\00\00\00\00\00\00\00\00\00\00\00\00\00\00\00\00\00\00\00\00\00\00\00\00\00\00\00\00\00\00\00\00\00\00\00\00\00\00\00\00\00\00\00\00\00\00\00\00\00\00\00\00\00\00\00\00\00\00\00\00\00\00\00\00\00\00\00\00\00\00\00\00\00\00\00\00\00\00\00\00\00\00\00\00\00\00\00\00\00\00\00\00\00\00\00\00\00\00\00\00\00\00\00\00\00\00\00\00\00\00\00\00\00\00\00\00\00\00\00\00\00\00\00\00\00\00\00\00\00\00\00\00\00\00\00\00\00\00\00\00\00\00\00\00\00\00\00\00\00\00\00\00\00\00\00\00\00\00\00\00\00\00\00\00\00\00\00\00\00\00\00\00\00\00\00\00\00\00\00\00\00\00\00\00\00\00\00\00\00\00\00\00\00\00\00\00\00\00\00\00\00\00\00\00\00\00\00\00\00\00\00\00\00\00\00\00\00\00\00\00\00\00\00\00\00\00\00\00\00\00\00\00\00\00\00\00\00\00\00\00\00\00\00\00\00\00\00\00\00\00\00\00\00\00\00\00\00\00\00\00\00\00\00\00\00\00\00\00\00\00\00\00\00\00\00\00\00\00\00\00\00\00\00\00\00\00\00\00\00\00\00\00\00\00\00\00\00\00\00\00\00\00\00\00\00\00\00\00\00\00\00\00\00\00\00\00\00\00\00\00\00\00\00\00\00\00\00\00\00\00\00\00\00\00\00\00\00\00\00\00\00\00\00\00\00\00\00\00\00\00\00\00\00\00\00\00\00\00\00\00\00\00\00\00\00\00\00\00\00\00\00\00\00\00\00\00\00\00\00\00\00\00\00\00\00\00\00\00\00\00\00\00\00\00\00\00\00\00\00\00\00\00\00\00\00\00\00\00\00\00\00\00\00\00\00\00\00\00\00\00\00\00\00\00\00\00\00\00\00\00\00\00\00\00\00\00\00\00\00\00\00\00\00\00\00\00\00\00\00\00\00\00\00\00\00\00\00\00\00\00\00\00\00\00\00\00\00\00\00\00\00\00\00\00\00\00\00\00\00\00\00\00\00\00\00\00\00\00\00\00\00\00\00\00\00\00\00\00\00\00\00\00\00\00\00\00\00\00\00\00\00\00\00\00\00\00\00\00\00\00\00\00\00\00\00\00\00\00\00\00\00\00\00\00\00\00\00\00\00\00\00\00\00\00\00\00\00\00\00\00\00\00\00\00\00\00\00\00\00\00\00\00\00\00\00\00\00\00\00\00\00\00\00\00\00\00\00\00\00\00\00\00\00\00\00\00\00\00\00\00\00\00\00\00\00\00\00\00\00\00\00\00\00\00\00\00\00\00\00\00\00\00\00\00\00\00\00\00\00\00\00\00\00\00\00\00\00\00\00\00\00\00\00\00\00\00\00\00\00\00\00\00\00\00\00\00\00\00\00\00\00\00\00\00\00\00\00\00\00\00\00\00\00\00\00\00\00\00\00\00\00\00\00\00\00\00\00\00\00\00\00\00\00\00\00\00\00\00\00\00\00\00\00\00\00\00\00\00\00\00\00\00\00\00\00\00\00\00\00\00\00\00\00\00\00\00\00\00\00\00\00\00\00\00\00\00\00\00\00\00\00\00\00\00\00\00\00\00\00\00\00\00\00\00\00\00\00\00\00\00\00\00\00\00\00\00\00\00\00\00\00\00\00\00\00\00\00\00\00\00\00\00\00\00\00\00\00\00\00\00\00\00\00\00\00\00\00\00\00\00\00\00\00\00\00\00\00\00\00\00\00\00\00\00\00\00\00\00\00\00\00\00\00\00\00\00\00\00\00\00\00\00\00\00\00\00\00\00\00\00\00\00\00\00\00\00\00\00\00\00\00\00\00\00\00\00\00\00\00\00\00\00\00\00\00\00\00\00\00\00\00\00\00\00\00\00\00\00\00\00\00\00\00\00\00\00\00\00\00\00\00\00\00\00\00\00\00\00\00\00\00\00\00\00\00\00\00\00\00\00\00\00\00\00\00\00\00\00\00\00\00\00\00\00\00\00\00\00\00\00\00\00\00\00\00\00\00\00\00\00\00\00\00\00\00\00\00\00\00\00\00\00\00\00\00\00\00\00\00\00\00\00\00\00\00\00\00\00\00\00\00\00\00\00\00\00\00\00\00\00\00\00\00\00\00\00\00\00\00\00\00\00\00\00\00\00\00\00\00\00\00\00\00\00\00\00\00\00\00\00\00\00\00\00\00\00\00\00\00\00\00\00\00\00\00\00\00\00\00\00\00\00\00\00\00\00\00\00\00\00\00\00\00\00\00\00\00\00\00\00\00\00\00\00\00\00\00\00\00\00\00\00\00\00\00\00\00\00\00\00\00\00\00\00\00\00\00\00\00\00\00\00\00\00\00\00\00\00\00\00\00\00\00\00\00\00\00\00\00\00\00\00\00\00\00\00\00\00\00\00\00\00\00\00\00\00\00\00\00\00\00\00\00\00\00\00\00\00\00\00\00\00\00\00\00\00\00\00\00\00\00\00Jan 15 18:27:53 CS-3013-VM rsyslogd: [origin software="rsyslogd" swVersion="8.16.0" x-pid="1492" x-info="http://www.rsyslog.com"] start
Jan 15 18:27:53 CS-3013-VM rsyslogd-2222: command 'KLogPermitNonKernelFacility' is currently not permitted - did you already set it via a RainerScript command (v6+ config)? [v8.16.0 try http://www.rsyslog.com/e/2222 ]
Jan 15 18:27:53 CS-3013-VM rsyslogd: rsyslogd's groupid changed to 108
Jan 15 18:27:53 CS-3013-VM rsyslogd: rsyslogd's userid changed to 104
Jan 15 18:27:53 CS-3013-VM rsyslogd-2039: Could not open output pipe '/dev/xconsole':: No such file or directory [v8.16.0 try http://www.rsyslog.com/e/2039 ]
Jan 15 18:27:53 CS-3013-VM kernel: [    0.000000] Linux version 4.15.0-rc7McDonough (student@CS-3013-VM) (gcc version 5.4.0 20160609 (Ubuntu 5.4.0-6ubuntu1~16.04.5)) #2 SMP Fri Jan 12 15:38:41 EST 2018
Jan 15 18:27:53 CS-3013-VM kernel: [    0.000000] Command line: BOOT_IMAGE=/boot/vmlinuz-4.15.0-rc7McDonough root=UUID=48c4677d-5932-4a78-be14-e6ef89960207 ro quiet splash
Jan 15 18:27:53 CS-3013-VM kernel: [    0.000000] x86/fpu: Supporting XSAVE feature 0x001: 'x87 floating point registers'
Jan 15 18:27:53 CS-3013-VM kernel: [    0.000000] x86/fpu: Supporting XSAVE feature 0x002: 'SSE registers'
Jan 15 18:27:53 CS-3013-VM kernel: [    0.000000] x86/fpu: Supporting XSAVE feature 0x004: 'AVX registers'
Jan 15 18:27:53 CS-3013-VM kernel: [    0.000000] x86/fpu: xstate_offset[2]:  576, xstate_sizes[2]:  256
Jan 15 18:27:53 CS-3013-VM kernel: [    0.000000] x86/fpu: Enabled xstate features 0x7, context size is 832 bytes, using 'standard' format.
Jan 15 18:27:53 CS-3013-VM kernel: [    0.000000] e820: BIOS-provided physical RAM map:
Jan 15 18:27:53 CS-3013-VM kernel: [    0.000000] BIOS-e820: [mem 0x0000000000000000-0x000000000009fbff] usable
Jan 15 18:27:53 CS-3013-VM kernel: [    0.000000] BIOS-e820: [mem 0x000000000009fc00-0x000000000009ffff] reserved
Jan 15 18:27:53 CS-3013-VM rsyslogd-2007: action 'action 10' suspended, next retry is Mon Jan 15 18:28:23 2018 [v8.16.0 try http://www.rsyslog.com/e/2007 ]
Jan 15 18:27:53 CS-3013-VM kernel: [    0.000000] BIOS-e820: [mem 0x00000000000f0000-0x00000000000fffff] reserved
Jan 15 18:27:53 CS-3013-VM kernel: [    0.000000] BIOS-e820: [mem 0x0000000000100000-0x00000000dffeffff] usable
Jan 15 18:27:53 CS-3013-VM kernel: [    0.000000] BIOS-e820: [mem 0x00000000dfff0000-0x00000000dfffffff] ACPI data
Jan 15 18:27:53 CS-3013-VM kernel: [    0.000000] BIOS-e820: [mem 0x00000000fec00000-0x00000000fec00fff] reserved
Jan 15 18:27:53 CS-3013-VM kernel: [    0.000000] BIOS-e820: [mem 0x00000000fee00000-0x00000000fee00fff] reserved
Jan 15 18:27:53 CS-3013-VM kernel: [    0.000000] BIOS-e820: [mem 0x00000000fffc0000-0x00000000ffffffff] reserved
Jan 15 18:27:53 CS-3013-VM kernel: [    0.000000] BIOS-e820: [mem 0x0000000100000000-0x0000000119ffffff] usable
Jan 15 18:27:53 CS-3013-VM kernel: [    0.000000] NX (Execute Disable) protection: active
Jan 15 18:27:53 CS-3013-VM kernel: [    0.000000] random: fast init done
Jan 15 18:27:53 CS-3013-VM kernel: [    0.000000] SMBIOS 2.5 present.
Jan 15 18:27:53 CS-3013-VM kernel: [    0.000000] DMI: innotek GmbH VirtualBox/VirtualBox, BIOS VirtualBox 12/01/2006
Jan 15 18:27:53 CS-3013-VM kernel: [    0.000000] e820: update [mem 0x00000000-0x00000fff] usable ==> reserved
Jan 15 18:27:53 CS-3013-VM kernel: [    0.000000] e820: remove [mem 0x000a0000-0x000fffff] usable
Jan 15 18:27:53 CS-3013-VM kernel: [    0.000000] e820: last_pfn = 0x11a000 max_arch_pfn = 0x400000000
Jan 15 18:27:53 CS-3013-VM kernel: [    0.000000] MTRR default type: uncachable
Jan 15 18:27:53 CS-3013-VM kernel: [    0.000000] MTRR variable ranges disabled:
Jan 15 18:27:53 CS-3013-VM kernel: [    0.000000] MTRR: Disabled
Jan 15 18:27:53 CS-3013-VM kernel: [    0.000000] x86/PAT: MTRRs disabled, skipping PAT initialization too.
Jan 15 18:27:53 CS-3013-VM kernel: [    0.000000] CPU MTRRs all blank - virtualized system.
Jan 15 18:27:53 CS-3013-VM kernel: [    0.000000] x86/PAT: Configuration [0-7]: WB  WT  UC- UC  WB  WT  UC- UC  
Jan 15 18:27:53 CS-3013-VM kernel: [    0.000000] e820: last_pfn = 0xdfff0 max_arch_pfn = 0x400000000
Jan 15 18:27:53 CS-3013-VM kernel: [    0.000000] found SMP MP-table at [mem 0x0009fff0-0x0009ffff] mapped at [        (ptrval)]
Jan 15 18:27:53 CS-3013-VM kernel: [    0.000000] Scanning 1 areas for low memory corruption
Jan 15 18:27:53 CS-3013-VM kernel: [    0.000000] Base memory trampoline at [        (ptrval)] 99000 size 24576
Jan 15 18:27:53 CS-3013-VM kernel: [    0.000000] BRK [0xc371b000, 0xc371bfff] PGTABLE
Jan 15 18:27:53 CS-3013-VM kernel: [    0.000000] BRK [0xc371c000, 0xc371cfff] PGTABLE
Jan 15 18:27:53 CS-3013-VM kernel: [    0.000000] BRK [0xc371d000, 0xc371dfff] PGTABLE
Jan 15 18:27:53 CS-3013-VM kernel: [    0.000000] BRK [0xc371e000, 0xc371efff] PGTABLE
Jan 15 18:27:53 CS-3013-VM kernel: [    0.000000] BRK [0xc371f000, 0xc371ffff] PGTABLE
Jan 15 18:27:53 CS-3013-VM kernel: [    0.000000] BRK [0xc3720000, 0xc3720fff] PGTABLE
Jan 15 18:27:53 CS-3013-VM kernel: [    0.000000] BRK [0xc3721000, 0xc3721fff] PGTABLE
Jan 15 18:27:53 CS-3013-VM kernel: [    0.000000] RAMDISK: [mem 0x36e24000-0x37709fff]
Jan 15 18:27:53 CS-3013-VM kernel: [    0.000000] ACPI: Early table checksum verification disabled
Jan 15 18:27:53 CS-3013-VM kernel: [    0.000000] ACPI: RSDP 0x00000000000E0000 000024 (v02 VBOX  )
Jan 15 18:27:53 CS-3013-VM kernel: [    0.000000] ACPI: XSDT 0x00000000DFFF0030 00003C (v01 VBOX   VBOXXSDT 00000001 ASL  00000061)
Jan 15 18:27:53 CS-3013-VM kernel: [    0.000000] ACPI: FACP 0x00000000DFFF00F0 0000F4 (v04 VBOX   VBOXFACP 00000001 ASL  00000061)
Jan 15 18:27:53 CS-3013-VM kernel: [    0.000000] ACPI: DSDT 0x00000000DFFF0470 0021C8 (v02 VBOX   VBOXBIOS 00000002 INTL 20100528)
Jan 15 18:27:53 CS-3013-VM kernel: [    0.000000] ACPI: FACS 0x00000000DFFF0200 000040
Jan 15 18:27:53 CS-3013-VM kernel: [    0.000000] ACPI: FACS 0x00000000DFFF0200 000040
Jan 15 18:27:53 CS-3013-VM kernel: [    0.000000] ACPI: APIC 0x00000000DFFF0240 00005C (v02 VBOX   VBOXAPIC 00000001 ASL  00000061)
Jan 15 18:27:53 CS-3013-VM kernel: [    0.000000] ACPI: SSDT 0x00000000DFFF02A0 0001CC (v01 VBOX   VBOXCPUT 00000002 INTL 20100528)
Jan 15 18:27:53 CS-3013-VM kernel: [    0.000000] ACPI: Local APIC address 0xfee00000
Jan 15 18:27:53 CS-3013-VM kernel: [    0.000000] No NUMA configuration found
Jan 15 18:27:53 CS-3013-VM kernel: [    0.000000] Faking a node at [mem 0x0000000000000000-0x0000000119ffffff]
Jan 15 18:27:53 CS-3013-VM kernel: [    0.000000] NODE_DATA(0) allocated [mem 0x119ffa000-0x119ffdfff]
Jan 15 18:27:53 CS-3013-VM kernel: [    0.000000] tsc: Fast TSC calibration failed
Jan 15 18:27:53 CS-3013-VM kernel: [    0.000000] tsc: Using PIT calibration value
Jan 15 18:27:53 CS-3013-VM kernel: [    0.000000] Zone ranges:
Jan 15 18:27:53 CS-3013-VM kernel: [    0.000000]   DMA      [mem 0x0000000000001000-0x0000000000ffffff]
Jan 15 18:27:53 CS-3013-VM kernel: [    0.000000]   DMA32    [mem 0x0000000001000000-0x00000000ffffffff]
Jan 15 18:27:53 CS-3013-VM kernel: [    0.000000]   Normal   [mem 0x0000000100000000-0x0000000119ffffff]
Jan 15 18:27:53 CS-3013-VM kernel: [    0.000000] Movable zone start for each node
Jan 15 18:27:53 CS-3013-VM kernel: [    0.000000] Early memory node ranges
Jan 15 18:27:53 CS-3013-VM kernel: [    0.000000]   node   0: [mem 0x0000000000001000-0x000000000009efff]
Jan 15 18:27:53 CS-3013-VM kernel: [    0.000000]   node   0: [mem 0x0000000000100000-0x00000000dffeffff]
Jan 15 18:27:53 CS-3013-VM kernel: [    0.000000]   node   0: [mem 0x0000000100000000-0x0000000119ffffff]
Jan 15 18:27:53 CS-3013-VM kernel: [    0.000000] Initmem setup node 0 [mem 0x0000000000001000-0x0000000119ffffff]
Jan 15 18:27:53 CS-3013-VM kernel: [    0.000000] On node 0 totalpages: 1023886
Jan 15 18:27:53 CS-3013-VM kernel: [    0.000000]   DMA zone: 64 pages used for memmap
Jan 15 18:27:53 CS-3013-VM kernel: [    0.000000]   DMA zone: 21 pages reserved
Jan 15 18:27:53 CS-3013-VM kernel: [    0.000000]   DMA zone: 3998 pages, LIFO batch:0
Jan 15 18:27:53 CS-3013-VM kernel: [    0.000000]   DMA32 zone: 14272 pages used for memmap
Jan 15 18:27:53 CS-3013-VM kernel: [    0.000000]   DMA32 zone: 913392 pages, LIFO batch:31
Jan 15 18:27:53 CS-3013-VM kernel: [    0.000000]   Normal zone: 1664 pages used for memmap
Jan 15 18:27:53 CS-3013-VM kernel: [    0.000000]   Normal zone: 106496 pages, LIFO batch:31
Jan 15 18:27:53 CS-3013-VM kernel: [    0.000000] Reserved but unavailable: 98 pages
Jan 15 18:27:53 CS-3013-VM kernel: [    0.000000] ACPI: PM-Timer IO Port: 0x4008
Jan 15 18:27:53 CS-3013-VM kernel: [    0.000000] ACPI: Local APIC address 0xfee00000
Jan 15 18:27:53 CS-3013-VM kernel: [    0.000000] IOAPIC[0]: apic_id 2, version 32, address 0xfec00000, GSI 0-23
Jan 15 18:27:53 CS-3013-VM kernel: [    0.000000] ACPI: INT_SRC_OVR (bus 0 bus_irq 0 global_irq 2 dfl dfl)
Jan 15 18:27:53 CS-3013-VM kernel: [    0.000000] ACPI: INT_SRC_OVR (bus 0 bus_irq 9 global_irq 9 high level)
Jan 15 18:27:53 CS-3013-VM kernel: [    0.000000] ACPI: IRQ0 used by override.
Jan 15 18:27:53 CS-3013-VM kernel: [    0.000000] ACPI: IRQ9 used by override.
Jan 15 18:27:53 CS-3013-VM kernel: [    0.000000] Using ACPI (MADT) for SMP configuration information
Jan 15 18:27:53 CS-3013-VM kernel: [    0.000000] smpboot: Allowing 2 CPUs, 0 hotplug CPUs
Jan 15 18:27:53 CS-3013-VM kernel: [    0.000000] PM: Registered nosave memory: [mem 0x00000000-0x00000fff]
Jan 15 18:27:53 CS-3013-VM kernel: [    0.000000] PM: Registered nosave memory: [mem 0x0009f000-0x0009ffff]
Jan 15 18:27:53 CS-3013-VM kernel: [    0.000000] PM: Registered nosave memory: [mem 0x000a0000-0x000effff]
Jan 15 18:27:53 CS-3013-VM kernel: [    0.000000] PM: Registered nosave memory: [mem 0x000f0000-0x000fffff]
Jan 15 18:27:53 CS-3013-VM kernel: [    0.000000] PM: Registered nosave memory: [mem 0xdfff0000-0xdfffffff]
Jan 15 18:27:53 CS-3013-VM kernel: [    0.000000] PM: Registered nosave memory: [mem 0xe0000000-0xfebfffff]
Jan 15 18:27:53 CS-3013-VM kernel: [    0.000000] PM: Registered nosave memory: [mem 0xfec00000-0xfec00fff]
Jan 15 18:27:53 CS-3013-VM kernel: [    0.000000] PM: Registered nosave memory: [mem 0xfec01000-0xfedfffff]
Jan 15 18:27:53 CS-3013-VM kernel: [    0.000000] PM: Registered nosave memory: [mem 0xfee00000-0xfee00fff]
Jan 15 18:27:53 CS-3013-VM kernel: [    0.000000] PM: Registered nosave memory: [mem 0xfee01000-0xfffbffff]
Jan 15 18:27:53 CS-3013-VM kernel: [    0.000000] PM: Registered nosave memory: [mem 0xfffc0000-0xffffffff]
Jan 15 18:27:53 CS-3013-VM kernel: [    0.000000] e820: [mem 0xe0000000-0xfebfffff] available for PCI devices
Jan 15 18:27:53 CS-3013-VM kernel: [    0.000000] clocksource: refined-jiffies: mask: 0xffffffff max_cycles: 0xffffffff, max_idle_ns: 1910969940391419 ns
Jan 15 18:27:53 CS-3013-VM kernel: [    0.000000] setup_percpu: NR_CPUS:64 nr_cpumask_bits:64 nr_cpu_ids:2 nr_node_ids:1
Jan 15 18:27:53 CS-3013-VM kernel: [    0.000000] percpu: Embedded 43 pages/cpu @        (ptrval) s137368 r8192 d30568 u1048576
Jan 15 18:27:53 CS-3013-VM kernel: [    0.000000] pcpu-alloc: s137368 r8192 d30568 u1048576 alloc=1*2097152
Jan 15 18:27:53 CS-3013-VM kernel: [    0.000000] pcpu-alloc: [0] 0 1 
Jan 15 18:27:53 CS-3013-VM kernel: [    0.000000] Built 1 zonelists, mobility grouping on.  Total pages: 1007865
Jan 15 18:27:53 CS-3013-VM kernel: [    0.000000] Policy zone: Normal
Jan 15 18:27:53 CS-3013-VM kernel: [    0.000000] Kernel command line: BOOT_IMAGE=/boot/vmlinuz-4.15.0-rc7McDonough root=UUID=48c4677d-5932-4a78-be14-e6ef89960207 ro quiet splash
Jan 15 18:27:53 CS-3013-VM kernel: [    0.000000] Calgary: detecting Calgary via BIOS EBDA area
Jan 15 18:27:53 CS-3013-VM kernel: [    0.000000] Calgary: Unable to locate Rio Grande table in EBDA - bailing!
Jan 15 18:27:53 CS-3013-VM kernel: [    0.000000] Memory: 3928680K/4095544K available (12300K kernel code, 1274K rwdata, 3012K rodata, 1200K init, 660K bss, 166864K reserved, 0K cma-reserved)
Jan 15 18:27:53 CS-3013-VM kernel: [    0.000000] SLUB: HWalign=64, Order=0-3, MinObjects=0, CPUs=2, Nodes=1
Jan 15 18:27:53 CS-3013-VM kernel: [    0.000000] Kernel/User page tables isolation: enabled
Jan 15 18:27:53 CS-3013-VM kernel: [    0.000000] Hierarchical RCU implementation.
Jan 15 18:27:53 CS-3013-VM kernel: [    0.000000] 	RCU event tracing is enabled.
Jan 15 18:27:53 CS-3013-VM kernel: [    0.000000] 	RCU restricting CPUs from NR_CPUS=64 to nr_cpu_ids=2.
Jan 15 18:27:53 CS-3013-VM kernel: [    0.000000] RCU: Adjusting geometry for rcu_fanout_leaf=16, nr_cpu_ids=2
Jan 15 18:27:53 CS-3013-VM kernel: [    0.000000] NR_IRQS: 4352, nr_irqs: 440, preallocated irqs: 16
Jan 15 18:27:53 CS-3013-VM kernel: [    0.000000] Console: colour VGA+ 80x25
Jan 15 18:27:53 CS-3013-VM kernel: [    0.000000] console [tty0] enabled
Jan 15 18:27:53 CS-3013-VM kernel: [    0.000000] ACPI: Core revision 20170831
Jan 15 18:27:53 CS-3013-VM kernel: [    0.000000] ACPI: 2 ACPI AML tables successfully acquired and loaded
Jan 15 18:27:53 CS-3013-VM kernel: [    0.000000] APIC: Switch to symmetric I/O mode setup
Jan 15 18:27:53 CS-3013-VM kernel: [    0.000000] ..TIMER: vector=0x30 apic1=0 pin1=2 apic2=-1 pin2=-1
Jan 15 18:27:53 CS-3013-VM kernel: [    0.005000] tsc: Fast TSC calibration using PIT
Jan 15 18:27:53 CS-3013-VM kernel: [    0.006000] tsc: Detected 2194.772 MHz processor
Jan 15 18:27:53 CS-3013-VM kernel: [    0.006000] Calibrating delay loop (skipped), value calculated using timer frequency.. 4389.54 BogoMIPS (lpj=2194772)
Jan 15 18:27:53 CS-3013-VM kernel: [    0.006000] pid_max: default: 32768 minimum: 301
Jan 15 18:27:53 CS-3013-VM kernel: [    0.006000] Security Framework initialized
Jan 15 18:27:53 CS-3013-VM kernel: [    0.006000] SELinux:  Initializing.
Jan 15 18:27:53 CS-3013-VM kernel: [    0.006000] SELinux:  Starting in permissive mode
Jan 15 18:27:53 CS-3013-VM kernel: [    0.009088] Dentry cache hash table entries: 524288 (order: 10, 4194304 bytes)
Jan 15 18:27:53 CS-3013-VM systemd-modules-load[1113]: Failed to find module 'lp'
Jan 15 18:27:53 CS-3013-VM kernel: [    0.010127] Inode-cache hash table entries: 262144 (order: 9, 2097152 bytes)
Jan 15 18:27:53 CS-3013-VM kernel: [    0.010147] Mount-cache hash table entries: 8192 (order: 4, 65536 bytes)
Jan 15 18:27:53 CS-3013-VM kernel: [    0.010156] Mountpoint-cache hash table entries: 8192 (order: 4, 65536 bytes)
Jan 15 18:27:53 CS-3013-VM systemd-modules-load[1113]: Failed to find module 'ppdev'
Jan 15 18:27:53 CS-3013-VM kernel: [    0.010332] CPU: Physical Processor ID: 0
Jan 15 18:27:53 CS-3013-VM kernel: [    0.010334] CPU: Processor Core ID: 0
Jan 15 18:27:53 CS-3013-VM kernel: [    0.010351] mce: CPU supports 0 MCE banks
Jan 15 18:27:53 CS-3013-VM kernel: [    0.010368] Last level iTLB entries: 4KB 64, 2MB 8, 4MB 8
Jan 15 18:27:53 CS-3013-VM systemd-modules-load[1113]: Failed to find module 'parport_pc'
Jan 15 18:27:53 CS-3013-VM kernel: [    0.010370] Last level dTLB entries: 4KB 64, 2MB 0, 4MB 0, 1GB 4
Jan 15 18:27:53 CS-3013-VM kernel: [    0.010470] Freeing SMP alternatives memory: 36K
Jan 15 18:27:53 CS-3013-VM systemd-sysctl[1125]: Couldn't write '1' to 'kernel/yama/ptrace_scope', ignoring: No such file or directory
Jan 15 18:27:53 CS-3013-VM kernel: [    0.012000] APIC calibration not consistent with PM-Timer: 101ms instead of 100ms
Jan 15 18:27:53 CS-3013-VM kernel: [    0.012000] APIC delta adjusted to PM-Timer: 6250004 (6373310)
Jan 15 18:27:53 CS-3013-VM kernel: [    0.012000] smpboot: CPU0: Intel(R) Core(TM) i5-5200U CPU @ 2.20GHz (family: 0x6, model: 0x3d, stepping: 0x4)
Jan 15 18:27:53 CS-3013-VM kernel: [    0.012000] Performance Events: unsupported p6 CPU model 61 no PMU driver, software events only.
Jan 15 18:27:53 CS-3013-VM kernel: [    0.012000] Hierarchical SRCU implementation.
Jan 15 18:27:53 CS-3013-VM loadkeys[1112]: Loading /etc/console-setup/cached.kmap.gz
Jan 15 18:27:53 CS-3013-VM kernel: [    0.012000] smp: Bringing up secondary CPUs ...
Jan 15 18:27:53 CS-3013-VM kernel: [    0.012000] x86: Booting SMP configuration:
Jan 15 18:27:53 CS-3013-VM kernel: [    0.012000] .... node  #0, CPUs:      #1
Jan 15 18:27:53 CS-3013-VM kernel: [    0.001000] mce: CPU supports 0 MCE banks
Jan 15 18:27:53 CS-3013-VM systemd[1]: Started Set console keymap.
Jan 15 18:27:53 CS-3013-VM kernel: [    0.013041] smp: Brought up 1 node, 2 CPUs
Jan 15 18:27:53 CS-3013-VM kernel: [    0.013041] smpboot: Max logical packages: 1
Jan 15 18:27:53 CS-3013-VM systemd[1]: Started Create Static Device Nodes in /dev.
Jan 15 18:27:53 CS-3013-VM kernel: [    0.013041] smpboot: Total of 2 processors activated (8779.08 BogoMIPS)
Jan 15 18:27:53 CS-3013-VM kernel: [    0.013180] devtmpfs: initialized
Jan 15 18:27:53 CS-3013-VM kernel: [    0.014166] clocksource: jiffies: mask: 0xffffffff max_cycles: 0xffffffff, max_idle_ns: 1911260446275000 ns
Jan 15 18:27:53 CS-3013-VM kernel: [    0.014175] futex hash table entries: 512 (order: 3, 32768 bytes)
Jan 15 18:27:53 CS-3013-VM systemd[1]: Starting udev Kernel Device Manager...
Jan 15 18:27:53 CS-3013-VM kernel: [    0.014249] RTC time: 23:27:35, date: 01/15/18
Jan 15 18:27:53 CS-3013-VM kernel: [    0.014451] NET: Registered protocol family 16
Jan 15 18:27:53 CS-3013-VM kernel: [    0.014520] audit: initializing netlink subsys (disabled)
Jan 15 18:27:53 CS-3013-VM systemd[1]: Started udev Kernel Device Manager.
Jan 15 18:27:53 CS-3013-VM kernel: [    0.014690] audit: type=2000 audit(1516058855.014:1): state=initialized audit_enabled=0 res=1
Jan 15 18:27:53 CS-3013-VM kernel: [    0.017292] kworker/u4:0 (24) used greatest stack depth: 14896 bytes left
Jan 15 18:27:53 CS-3013-VM kernel: [    0.018099] cpuidle: using governor menu
Jan 15 18:27:53 CS-3013-VM kernel: [    0.018158] ACPI: bus type PCI registered
Jan 15 18:27:53 CS-3013-VM systemd[1]: Starting Remount Root and Kernel File Systems...
Jan 15 18:27:53 CS-3013-VM kernel: [    0.018268] PCI: Using configuration type 1 for base access
Jan 15 18:27:53 CS-3013-VM kernel: [    0.022106] kworker/u4:1 (54) used greatest stack depth: 14760 bytes left
Jan 15 18:27:53 CS-3013-VM systemd[1]: Started Remount Root and Kernel File Systems.
Jan 15 18:27:53 CS-3013-VM kernel: [    0.022208] kworker/u4:1 (64) used greatest stack depth: 14280 bytes left
Jan 15 18:27:53 CS-3013-VM kernel: [    0.026461] kworker/u4:1 (41) used greatest stack depth: 14208 bytes left
Jan 15 18:27:53 CS-3013-VM kernel: [    0.035746] HugeTLB registered 2.00 MiB page size, pre-allocated 0 pages
Jan 15 18:27:53 CS-3013-VM kernel: [    0.036054] ACPI: Added _OSI(Module Device)
Jan 15 18:27:53 CS-3013-VM systemd[1]: Starting Flush Journal to Persistent Storage...
Jan 15 18:27:53 CS-3013-VM kernel: [    0.036056] ACPI: Added _OSI(Processor Device)
Jan 15 18:27:53 CS-3013-VM kernel: [    0.036058] ACPI: Added _OSI(3.0 _SCP Extensions)
Jan 15 18:27:53 CS-3013-VM kernel: [    0.036061] ACPI: Added _OSI(Processor Aggregator Device)
Jan 15 18:27:53 CS-3013-VM systemd[1]: Starting udev Coldplug all Devices...
Jan 15 18:27:53 CS-3013-VM kernel: [    0.036307] ACPI: Executed 1 blocks of module-level executable AML code
Jan 15 18:27:53 CS-3013-VM kernel: [    0.038472] ACPI: Interpreter enabled
Jan 15 18:27:53 CS-3013-VM kernel: [    0.038481] ACPI: (supports S0 S5)
Jan 15 18:27:53 CS-3013-VM systemd[1]: Starting Load/Save Random Seed...
Jan 15 18:27:53 CS-3013-VM kernel: [    0.038482] ACPI: Using IOAPIC for interrupt routing
Jan 15 18:27:53 CS-3013-VM kernel: [    0.038626] PCI: Using host bridge windows from ACPI; if necessary, use "pci=nocrs" and report a bug
Jan 15 18:27:53 CS-3013-VM kernel: [    0.038755] ACPI: Enabled 2 GPEs in block 00 to 07
Jan 15 18:27:53 CS-3013-VM systemd[1]: Reached target Local File Systems (Pre).
Jan 15 18:27:53 CS-3013-VM kernel: [    0.043772] ACPI: PCI Root Bridge [PCI0] (domain 0000 [bus 00-ff])
Jan 15 18:27:53 CS-3013-VM kernel: [    0.043777] acpi PNP0A03:00: _OSC: OS supports [ASPM ClockPM Segments MSI]
Jan 15 18:27:53 CS-3013-VM kernel: [    0.043782] acpi PNP0A03:00: _OSC failed (AE_NOT_FOUND); disabling ASPM
Jan 15 18:27:53 CS-3013-VM systemd[1]: Reached target Local File Systems.
Jan 15 18:27:53 CS-3013-VM kernel: [    0.043789] acpi PNP0A03:00: fail to add MMCONFIG information, can't access extended PCI configuration space under this bridge.
Jan 15 18:27:53 CS-3013-VM kernel: [    0.043924] PCI host bridge to bus 0000:00
Jan 15 18:27:53 CS-3013-VM kernel: [    0.043928] pci_bus 0000:00: root bus resource [io  0x0000-0x0cf7 window]
Jan 15 18:27:53 CS-3013-VM kernel: [    0.043930] pci_bus 0000:00: root bus resource [io  0x0d00-0xffff window]
Jan 15 18:27:53 CS-3013-VM systemd[1]: Starting Clean up any mess left by 0dns-up...
Jan 15 18:27:53 CS-3013-VM kernel: [    0.043933] pci_bus 0000:00: root bus resource [mem 0x000a0000-0x000bffff window]
Jan 15 18:27:53 CS-3013-VM kernel: [    0.043935] pci_bus 0000:00: root bus resource [mem 0xe0000000-0xffdfffff window]
Jan 15 18:27:53 CS-3013-VM kernel: [    0.043938] pci_bus 0000:00: root bus resource [bus 00-ff]
Jan 15 18:27:53 CS-3013-VM kernel: [    0.044016] pci 0000:00:00.0: [8086:1237] type 00 class 0x060000
Jan 15 18:27:53 CS-3013-VM systemd[1]: Starting LSB: AppArmor initialization...
Jan 15 18:27:53 CS-3013-VM kernel: [    0.044523] pci 0000:00:01.0: [8086:7000] type 00 class 0x060100
Jan 15 18:27:53 CS-3013-VM kernel: [    0.045255] pci 0000:00:01.1: [8086:7111] type 00 class 0x01018a
Jan 15 18:27:53 CS-3013-VM kernel: [    0.045628] pci 0000:00:01.1: reg 0x20: [io  0xd000-0xd00f]
Jan 15 18:27:53 CS-3013-VM systemd[1]: Starting Tell Plymouth To Write Out Runtime Data...
Jan 15 18:27:53 CS-3013-VM kernel: [    0.045762] pci 0000:00:01.1: legacy IDE quirk: reg 0x10: [io  0x01f0-0x01f7]
Jan 15 18:27:53 CS-3013-VM kernel: [    0.045764] pci 0000:00:01.1: legacy IDE quirk: reg 0x14: [io  0x03f6]
Jan 15 18:27:53 CS-3013-VM systemd[1]: Starting Set console font and keymap...
Jan 15 18:27:53 CS-3013-VM kernel: [    0.045766] pci 0000:00:01.1: legacy IDE quirk: reg 0x18: [io  0x0170-0x0177]
Jan 15 18:27:53 CS-3013-VM kernel: [    0.045767] pci 0000:00:01.1: legacy IDE quirk: reg 0x1c: [io  0x0376]
Jan 15 18:27:53 CS-3013-VM kernel: [    0.045980] pci 0000:00:02.0: [80ee:beef] type 00 class 0x030000
Jan 15 18:27:53 CS-3013-VM kernel: [    0.048443] pci 0000:00:02.0: reg 0x10: [mem 0xe0000000-0xe0ffffff pref]
Jan 15 18:27:53 CS-3013-VM systemd[1]: Started Flush Journal to Persistent Storage.
Jan 15 18:27:53 CS-3013-VM kernel: [    0.064134] pci 0000:00:03.0: [8086:100e] type 00 class 0x020000
Jan 15 18:27:53 CS-3013-VM systemd[1]: Starting Create Volatile Files and Directories...
Jan 15 18:27:53 CS-3013-VM kernel: [    0.066187] pci 0000:00:03.0: reg 0x10: [mem 0xf0000000-0xf001ffff]
Jan 15 18:27:53 CS-3013-VM kernel: [    0.072027] pci 0000:00:03.0: reg 0x18: [io  0xd010-0xd017]
Jan 15 18:27:53 CS-3013-VM kernel: [    0.081573] pci 0000:00:04.0: [80ee:cafe] type 00 class 0x088000
Jan 15 18:27:53 CS-3013-VM kernel: [    0.084144] pci 0000:00:04.0: reg 0x10: [io  0xd020-0xd03f]
Jan 15 18:27:53 CS-3013-VM kernel: [    0.086020] pci 0000:00:04.0: reg 0x14: [mem 0xf0400000-0xf07fffff]
Jan 15 18:27:53 CS-3013-VM systemd-tmpfiles[1154]: [/usr/lib/tmpfiles.d/var.conf:14] Duplicate line for path "/var/log", ignoring.
Jan 15 18:27:53 CS-3013-VM kernel: [    0.088198] pci 0000:00:04.0: reg 0x18: [mem 0xf0800000-0xf0803fff pref]
Jan 15 18:27:53 CS-3013-VM kernel: [    0.098378] pci 0000:00:05.0: [8086:2415] type 00 class 0x040100
Jan 15 18:27:53 CS-3013-VM systemd[1]: Started Load/Save Random Seed.
Jan 15 18:27:53 CS-3013-VM kernel: [    0.098502] pci 0000:00:05.0: reg 0x10: [io  0xd100-0xd1ff]
Jan 15 18:27:53 CS-3013-VM kernel: [    0.098567] pci 0000:00:05.0: reg 0x14: [io  0xd200-0xd23f]
Jan 15 18:27:53 CS-3013-VM kernel: [    0.099352] pci 0000:00:06.0: [106b:003f] type 00 class 0x0c0310
Jan 15 18:27:53 CS-3013-VM kernel: [    0.101410] pci 0000:00:06.0: reg 0x10: [mem 0xf0804000-0xf0804fff]
Jan 15 18:27:53 CS-3013-VM systemd[1]: Started Tell Plymouth To Write Out Runtime Data.
Jan 15 18:27:53 CS-3013-VM kernel: [    0.116265] pci 0000:00:07.0: [8086:7113] type 00 class 0x068000
Jan 15 18:27:53 CS-3013-VM kernel: [    0.116708] pci 0000:00:07.0: quirk: [io  0x4000-0x403f] claimed by PIIX4 ACPI
Jan 15 18:27:53 CS-3013-VM systemd[1]: Started Create Volatile Files and Directories.
Jan 15 18:27:53 CS-3013-VM kernel: [    0.116718] pci 0000:00:07.0: quirk: [io  0x4100-0x410f] claimed by PIIX4 SMB
Jan 15 18:27:53 CS-3013-VM kernel: [    0.117018] pci 0000:00:0d.0: [8086:2829] type 00 class 0x010601
Jan 15 18:27:53 CS-3013-VM kernel: [    0.119130] pci 0000:00:0d.0: reg 0x10: [io  0xd240-0xd247]
Jan 15 18:27:53 CS-3013-VM systemd[1]: Starting Update UTMP about System Boot/Shutdown...
Jan 15 18:27:53 CS-3013-VM kernel: [    0.124100] pci 0000:00:0d.0: reg 0x18: [io  0xd250-0xd257]
Jan 15 18:27:53 CS-3013-VM kernel: [    0.128245] pci 0000:00:0d.0: reg 0x20: [io  0xd260-0xd26f]
Jan 15 18:27:53 CS-3013-VM kernel: [    0.131143] pci 0000:00:0d.0: reg 0x24: [mem 0xf0806000-0xf0807fff]
Jan 15 18:27:53 CS-3013-VM kernel: [    0.134629] ACPI: PCI Interrupt Link [LNKA] (IRQs 5 9 10 *11)
Jan 15 18:27:53 CS-3013-VM systemd[1]: Reached target System Time Synchronized.
Jan 15 18:27:53 CS-3013-VM kernel: [    0.134799] ACPI: PCI Interrupt Link [LNKB] (IRQs 5 9 10 *11)
Jan 15 18:27:53 CS-3013-VM kernel: [    0.134872] ACPI: PCI Interrupt Link [LNKC] (IRQs 5 9 *10 11)
Jan 15 18:27:53 CS-3013-VM kernel: [    0.135059] ACPI: PCI Interrupt Link [LNKD] (IRQs 5 *9 10 11)
Jan 15 18:27:53 CS-3013-VM kernel: [    0.135363] pci 0000:00:02.0: vgaarb: setting as boot VGA device
Jan 15 18:27:53 CS-3013-VM systemd[1]: Started udev Coldplug all Devices.
Jan 15 18:27:53 CS-3013-VM kernel: [    0.135366] pci 0000:00:02.0: vgaarb: VGA device added: decodes=io+mem,owns=io+mem,locks=none
Jan 15 18:27:53 CS-3013-VM kernel: [    0.135370] pci 0000:00:02.0: vgaarb: bridge control possible
Jan 15 18:27:53 CS-3013-VM kernel: [    0.135372] vgaarb: loaded
Jan 15 18:27:53 CS-3013-VM systemd[1]: Starting Show Plymouth Boot Screen...
Jan 15 18:27:53 CS-3013-VM kernel: [    0.135492] SCSI subsystem initialized
Jan 15 18:27:53 CS-3013-VM systemd[1]: Started Update UTMP about System Boot/Shutdown.
Jan 15 18:27:53 CS-3013-VM kernel: [    0.135613] libata version 3.00 loaded.
Jan 15 18:27:53 CS-3013-VM kernel: [    0.135651] ACPI: bus type USB registered
Jan 15 18:27:53 CS-3013-VM kernel: [    0.135691] usbcore: registered new interface driver usbfs
Jan 15 18:27:53 CS-3013-VM kernel: [    0.135700] usbcore: registered new interface driver hub
Jan 15 18:27:53 CS-3013-VM systemd[1]: Started Clean up any mess left by 0dns-up.
Jan 15 18:27:53 CS-3013-VM kernel: [    0.135724] usbcore: registered new device driver usb
Jan 15 18:27:53 CS-3013-VM kernel: [    0.135748] pps_core: LinuxPPS API ver. 1 registered
Jan 15 18:27:53 CS-3013-VM systemd[1]: Starting Nameserver information manager...
Jan 15 18:27:53 CS-3013-VM kernel: [    0.135750] pps_core: Software ver. 5.3.6 - Copyright 2005-2007 Rodolfo Giometti <giometti@linux.it>
Jan 15 18:27:53 CS-3013-VM systemd[1]: Started Nameserver information manager.
Jan 15 18:27:53 CS-3013-VM systemd[1]: Reached target Network (Pre).
Jan 15 18:27:53 CS-3013-VM systemd[1]: Started Show Plymouth Boot Screen.
Jan 15 18:27:53 CS-3013-VM systemd[1]: Started Forward Password Requests to Plymouth Directory Watch.
Jan 15 18:27:53 CS-3013-VM mtp-probe: checking bus 1, device 2: "/sys/devices/pci0000:00/0000:00:06.0/usb1/1-1"
Jan 15 18:27:53 CS-3013-VM mtp-probe: bus: 1, device: 2 was not an MTP device
Jan 15 18:27:53 CS-3013-VM systemd[1]: Started Set console font and keymap.
Jan 15 18:27:53 CS-3013-VM systemd[1]: Listening on Load/Save RF Kill Switch Status /dev/rfkill Watch.
Jan 15 18:27:53 CS-3013-VM kernel: [    0.135756] PTP clock support registered
Jan 15 18:27:53 CS-3013-VM kernel: [    0.135834] EDAC MC: Ver: 3.0.0
Jan 15 18:27:53 CS-3013-VM kernel: [    0.136329] Advanced Linux Sound Architecture Driver Initialized.
Jan 15 18:27:53 CS-3013-VM systemd[1]: Created slice system-getty.slice.
Jan 15 18:27:53 CS-3013-VM kernel: [    0.136339] PCI: Using ACPI for IRQ routing
Jan 15 18:27:53 CS-3013-VM kernel: [    0.136342] PCI: pci_cache_line_size set to 64 bytes
Jan 15 18:27:53 CS-3013-VM systemd[1]: Started LSB: AppArmor initialization.
Jan 15 18:27:53 CS-3013-VM kernel: [    0.136511] e820: reserve RAM buffer [mem 0x0009fc00-0x0009ffff]
Jan 15 18:27:53 CS-3013-VM kernel: [    0.136516] e820: reserve RAM buffer [mem 0xdfff0000-0xdfffffff]
Jan 15 18:27:53 CS-3013-VM kernel: [    0.136517] e820: reserve RAM buffer [mem 0x11a000000-0x11bffffff]
Jan 15 18:27:53 CS-3013-VM kernel: [    0.136644] NetLabel: Initializing
Jan 15 18:27:53 CS-3013-VM systemd[1]: Starting Raise network interfaces...
Jan 15 18:27:53 CS-3013-VM kernel: [    0.136646] NetLabel:  domain hash size = 128
Jan 15 18:27:53 CS-3013-VM systemd[1]: Started Raise network interfaces.
Jan 15 18:27:53 CS-3013-VM kernel: [    0.136648] NetLabel:  protocols = UNLABELED CIPSOv4 CALIPSO
Jan 15 18:27:53 CS-3013-VM kernel: [    0.136663] NetLabel:  unlabeled traffic allowed by default
Jan 15 18:27:53 CS-3013-VM kernel: [    0.136915] clocksource: Switched to clocksource refined-jiffies
Jan 15 18:27:53 CS-3013-VM kernel: [    0.150279] VFS: Disk quotas dquot_6.6.0
Jan 15 18:27:53 CS-3013-VM kernel: [    0.150294] VFS: Dquot-cache hash table entries: 512 (order 0, 4096 bytes)
Jan 15 18:27:53 CS-3013-VM systemd[1]: Found device VBOX_HARDDISK 5.
Jan 15 18:27:53 CS-3013-VM kernel: [    0.150366] pnp: PnP ACPI init
Jan 15 18:27:53 CS-3013-VM kernel: [    0.150449] pnp 00:00: Plug and Play ACPI device, IDs PNP0303 (active)
Jan 15 18:27:53 CS-3013-VM systemd[1]: Activating swap /dev/disk/by-uuid/658ae268-24b4-4e46-b03d-bf52b29a0639...
Jan 15 18:27:53 CS-3013-VM kernel: [    0.150545] pnp 00:01: Plug and Play ACPI device, IDs PNP0f03 (active)
Jan 15 18:27:53 CS-3013-VM kernel: [    0.151186] pnp: PnP ACPI: found 2 devices
Jan 15 18:27:53 CS-3013-VM kernel: [    0.164664] clocksource: acpi_pm: mask: 0xffffff max_cycles: 0xffffff, max_idle_ns: 2085701024 ns
Jan 15 18:27:53 CS-3013-VM kernel: [    0.164748] clocksource: Switched to clocksource acpi_pm
Jan 15 18:27:53 CS-3013-VM systemd[1]: Activated swap /dev/disk/by-uuid/658ae268-24b4-4e46-b03d-bf52b29a0639.
Jan 15 18:27:53 CS-3013-VM kernel: [    0.164758] pci_bus 0000:00: resource 4 [io  0x0000-0x0cf7 window]
Jan 15 18:27:53 CS-3013-VM kernel: [    0.164760] pci_bus 0000:00: resource 5 [io  0x0d00-0xffff window]
Jan 15 18:27:53 CS-3013-VM systemd[1]: Reached target Swap.
Jan 15 18:27:53 CS-3013-VM kernel: [    0.164763] pci_bus 0000:00: resource 6 [mem 0x000a0000-0x000bffff window]
Jan 15 18:27:53 CS-3013-VM kernel: [    0.164765] pci_bus 0000:00: resource 7 [mem 0xe0000000-0xffdfffff window]
Jan 15 18:27:53 CS-3013-VM kernel: [    0.164817] NET: Registered protocol family 2
Jan 15 18:27:53 CS-3013-VM kernel: [    0.164925] TCP established hash table entries: 32768 (order: 6, 262144 bytes)
Jan 15 18:27:53 CS-3013-VM systemd[1]: Reached target System Initialization.
Jan 15 18:27:53 CS-3013-VM kernel: [    0.164978] TCP bind hash table entries: 32768 (order: 7, 524288 bytes)
Jan 15 18:27:53 CS-3013-VM systemd[1]: Starting Socket activation for snappy daemon.
Jan 15 18:27:53 CS-3013-VM kernel: [    0.164978] TCP: Hash tables configured (established 32768 bind 32768)
Jan 15 18:27:53 CS-3013-VM kernel: [    0.164978] UDP hash table entries: 2048 (order: 4, 65536 bytes)
Jan 15 18:27:53 CS-3013-VM kernel: [    0.164978] UDP-Lite hash table entries: 2048 (order: 4, 65536 bytes)
Jan 15 18:27:53 CS-3013-VM kernel: [    0.164978] NET: Registered protocol family 1
Jan 15 18:27:53 CS-3013-VM kernel: [    0.164978] RPC: Registered named UNIX socket transport module.
Jan 15 18:27:53 CS-3013-VM systemd[1]: Started CUPS Scheduler.
Jan 15 18:27:53 CS-3013-VM kernel: [    0.164978] RPC: Registered udp transport module.
Jan 15 18:27:53 CS-3013-VM kernel: [    0.164978] RPC: Registered tcp transport module.
Jan 15 18:27:53 CS-3013-VM systemd[1]: Listening on ACPID Listen Socket.
Jan 15 18:27:53 CS-3013-VM kernel: [    0.164978] RPC: Registered tcp NFSv4.1 backchannel transport module.
Jan 15 18:27:53 CS-3013-VM kernel: [    0.164978] pci 0000:00:00.0: Limiting direct PCI/PCI transfers
Jan 15 18:27:53 CS-3013-VM kernel: [    0.165058] pci 0000:00:01.0: Activating ISA DMA hang workarounds
Jan 15 18:27:53 CS-3013-VM kernel: [    0.165112] pci 0000:00:02.0: Video device with shadowed ROM at [mem 0x000c0000-0x000dffff]
Jan 15 18:27:53 CS-3013-VM systemd[1]: Started ACPI Events Check.
Jan 15 18:27:53 CS-3013-VM kernel: [    0.166240] PCI: CLS 0 bytes, default 64
Jan 15 18:27:53 CS-3013-VM systemd[1]: Reached target Paths.
Jan 15 18:27:53 CS-3013-VM kernel: [    0.166271] Unpacking initramfs...
Jan 15 18:27:53 CS-3013-VM kernel: [    0.343844] Freeing initrd memory: 9112K
Jan 15 18:27:53 CS-3013-VM kernel: [    0.343869] PCI-DMA: Using software bounce buffering for IO (SWIOTLB)
Jan 15 18:27:53 CS-3013-VM kernel: [    0.343873] software IO TLB [mem 0xdbff0000-0xdfff0000] (64MB) mapped at [00000000baf8fbe8-000000009d2379b2]
Jan 15 18:27:53 CS-3013-VM systemd[1]: Listening on D-Bus System Message Bus Socket.
Jan 15 18:27:53 CS-3013-VM kernel: [    0.344120] RAPL PMU: API unit is 2^-32 Joules, 4 fixed counters, 10737418240 ms ovfl timer
Jan 15 18:27:53 CS-3013-VM kernel: [    0.344122] RAPL PMU: hw unit of domain pp0-core 2^-0 Joules
Jan 15 18:27:53 CS-3013-VM systemd[1]: Started Daily Cleanup of Temporary Directories.
Jan 15 18:27:53 CS-3013-VM kernel: [    0.344132] RAPL PMU: hw unit of domain package 2^-0 Joules
Jan 15 18:27:53 CS-3013-VM kernel: [    0.344133] RAPL PMU: hw unit of domain dram 2^-0 Joules
Jan 15 18:27:53 CS-3013-VM kernel: [    0.344135] RAPL PMU: hw unit of domain pp1-gpu 2^-0 Joules
Jan 15 18:27:53 CS-3013-VM kernel: [    0.344196] platform rtc_cmos: registered platform RTC device (no PNP device found)
Jan 15 18:27:53 CS-3013-VM kernel: [    0.344675] Scanning for low memory corruption every 60 seconds
Jan 15 18:27:53 CS-3013-VM systemd[1]: Listening on Avahi mDNS/DNS-SD Stack Activation Socket.
Jan 15 18:27:53 CS-3013-VM kernel: [    0.345164] Initialise system trusted keyrings
Jan 15 18:27:53 CS-3013-VM kernel: [    0.345484] workingset: timestamp_bits=56 max_order=20 bucket_order=0
Jan 15 18:27:53 CS-3013-VM systemd[1]: Started Timer to automatically refresh installed snaps.
Jan 15 18:27:53 CS-3013-VM kernel: [    0.351783] NFS: Registering the id_resolver key type
Jan 15 18:27:53 CS-3013-VM kernel: [    0.351789] Key type id_resolver registered
Jan 15 18:27:53 CS-3013-VM kernel: [    0.351791] Key type id_legacy registered
Jan 15 18:27:53 CS-3013-VM kernel: [    0.351944] SELinux:  Registering netfilter hooks
Jan 15 18:27:53 CS-3013-VM systemd[1]: Listening on CUPS Scheduler.
Jan 15 18:27:53 CS-3013-VM kernel: [    0.359928] Key type asymmetric registered
Jan 15 18:27:53 CS-3013-VM systemd[1]: Listening on UUID daemon activation socket.
Jan 15 18:27:53 CS-3013-VM kernel: [    0.359931] Asymmetric key parser 'x509' registered
Jan 15 18:27:53 CS-3013-VM kernel: [    0.359984] Block layer SCSI generic (bsg) driver version 0.4 loaded (major 250)
Jan 15 18:27:53 CS-3013-VM kernel: [    0.359987] io scheduler noop registered
Jan 15 18:27:53 CS-3013-VM kernel: [    0.359989] io scheduler deadline registered
Jan 15 18:27:53 CS-3013-VM systemd[1]: Listening on Socket activation for snappy daemon.
Jan 15 18:27:53 CS-3013-VM kernel: [    0.360093] io scheduler cfq registered (default)
Jan 15 18:27:53 CS-3013-VM systemd[1]: Reached target Sockets.
Jan 15 18:27:53 CS-3013-VM kernel: [    0.360095] io scheduler mq-deadline registered
Jan 15 18:27:53 CS-3013-VM kernel: [    0.360097] io scheduler kyber registered
Jan 15 18:27:53 CS-3013-VM kernel: [    0.360355] ACPI: AC Adapter [AC] (off-line)
Jan 15 18:27:53 CS-3013-VM kernel: [    0.360426] input: Power Button as /devices/LNXSYSTM:00/LNXPWRBN:00/input/input0
Jan 15 18:27:53 CS-3013-VM kernel: [    0.360448] ACPI: Power Button [PWRF]
Jan 15 18:27:53 CS-3013-VM systemd[1]: Reached target Basic System.
Jan 15 18:27:53 CS-3013-VM kernel: [    0.360537] input: Sleep Button as /devices/LNXSYSTM:00/LNXSLPBN:00/input/input1
Jan 15 18:27:53 CS-3013-VM kernel: [    0.360550] ACPI: Sleep Button [SLPF]
Jan 15 18:27:53 CS-3013-VM systemd[1]: Starting Permit User Sessions...
Jan 15 18:27:53 CS-3013-VM kernel: [    0.360631] ACPI: Video Device [GFX0] (multi-head: yes  rom: no  post: no)
Jan 15 18:27:53 CS-3013-VM kernel: [    0.360689] input: Video Bus as /devices/LNXSYSTM:00/LNXSYBUS:00/PNP0A03:00/LNXVIDEO:00/input/input2
Jan 15 18:27:53 CS-3013-VM kernel: [    0.361085] Serial: 8250/16550 driver, 4 ports, IRQ sharing enabled
Jan 15 18:27:53 CS-3013-VM kernel: [    0.361343] Non-volatile memory driver v1.3
Jan 15 18:27:53 CS-3013-VM systemd[1]: Starting LSB: Speech Dispatcher...
Jan 15 18:27:53 CS-3013-VM kernel: [    0.361363] Linux agpgart interface v0.103
Jan 15 18:27:53 CS-3013-VM kernel: [    0.361582] ACPI: Battery Slot [BAT0] (battery present)
Jan 15 18:27:53 CS-3013-VM systemd[1]: Starting Login Service...
Jan 15 18:27:53 CS-3013-VM kernel: [    0.363557] loop: module loaded
Jan 15 18:27:53 CS-3013-VM kernel: [    0.363633] ahci 0000:00:0d.0: version 3.0
Jan 15 18:27:53 CS-3013-VM kernel: [    0.364164] ahci 0000:00:0d.0: SSS flag set, parallel bus scan disabled
Jan 15 18:27:53 CS-3013-VM kernel: [    0.364296] ahci 0000:00:0d.0: AHCI 0001.0100 32 slots 1 ports 3 Gbps 0x1 impl SATA mode
Jan 15 18:27:53 CS-3013-VM systemd[1]: Starting Restore /etc/resolv.conf if the system crashed before the ppp link was shut down...
Jan 15 18:27:53 CS-3013-VM kernel: [    0.364299] ahci 0000:00:0d.0: flags: 64bit ncq stag only ccc 
Jan 15 18:27:53 CS-3013-VM kernel: [    0.364662] scsi host0: ahci
Jan 15 18:27:53 CS-3013-VM kernel: [    0.364716] ata1: SATA max UDMA/133 abar m8192@0xf0806000 port 0xf0806100 irq 21
Jan 15 18:27:53 CS-3013-VM systemd[1]: Starting LSB: Record successful boot for GRUB...
Jan 15 18:27:53 CS-3013-VM kernel: [    0.364738] ata_piix 0000:00:01.1: version 2.13
Jan 15 18:27:53 CS-3013-VM kernel: [    0.365265] scsi host1: ata_piix
Jan 15 18:27:53 CS-3013-VM kernel: [    0.365434] scsi host2: ata_piix
Jan 15 18:27:53 CS-3013-VM systemd[1]: Starting vboxadd.service...
Jan 15 18:27:53 CS-3013-VM kernel: [    0.365486] ata2: PATA max UDMA/33 cmd 0x1f0 ctl 0x3f6 bmdma 0xd000 irq 14
Jan 15 18:27:53 CS-3013-VM kernel: [    0.365488] ata3: PATA max UDMA/33 cmd 0x170 ctl 0x376 bmdma 0xd008 irq 15
Jan 15 18:27:53 CS-3013-VM systemd[1]: Started ACPI event daemon.
Jan 15 18:27:53 CS-3013-VM kernel: [    0.365555] e100: Intel(R) PRO/100 Network Driver, 3.5.24-k2-NAPI
Jan 15 18:27:53 CS-3013-VM kernel: [    0.365557] e100: Copyright(c) 1999-2006 Intel Corporation
Jan 15 18:27:53 CS-3013-VM kernel: [    0.365565] e1000: Intel(R) PRO/1000 Network Driver - version 7.3.21-k8-NAPI
Jan 15 18:27:53 CS-3013-VM systemd[1]: Starting Modem Manager...
Jan 15 18:27:53 CS-3013-VM kernel: [    0.365566] e1000: Copyright (c) 1999-2006 Intel Corporation.
Jan 15 18:27:53 CS-3013-VM kernel: [    0.519392] ata3.00: ATAPI: VBOX CD-ROM, 1.0, max UDMA/133
Jan 15 18:27:53 CS-3013-VM kernel: [    0.519783] ata3.00: configured for UDMA/33
Jan 15 18:27:53 CS-3013-VM systemd[1]: Starting Accounts Service...
Jan 15 18:27:53 CS-3013-VM kernel: [    0.670498] ata1: SATA link up 3.0 Gbps (SStatus 123 SControl 300)
Jan 15 18:27:53 CS-3013-VM kernel: [    0.670650] ata1.00: ATA-6: VBOX HARDDISK, 1.0, max UDMA/133
Jan 15 18:27:53 CS-3013-VM kernel: [    0.670653] ata1.00: 83886080 sectors, multi 128: LBA48 NCQ (depth 31/32)
Jan 15 18:27:53 CS-3013-VM systemd[1]: Starting Detect the available GPUs and deal with any system changes...
Jan 15 18:27:53 CS-3013-VM kernel: [    0.670864] ata1.00: configured for UDMA/133
Jan 15 18:27:53 CS-3013-VM kernel: [    0.670979] scsi 0:0:0:0: Direct-Access     ATA      VBOX HARDDISK    1.0  PQ: 0 ANSI: 5
Jan 15 18:27:53 CS-3013-VM kernel: [    0.671531] sd 0:0:0:0: [sda] 83886080 512-byte logical blocks: (42.9 GB/40.0 GiB)
Jan 15 18:27:53 CS-3013-VM kernel: [    0.671548] sd 0:0:0:0: [sda] Write Protect is off
Jan 15 18:27:53 CS-3013-VM systemd[1]: Starting Thermal Daemon Service...
Jan 15 18:27:53 CS-3013-VM kernel: [    0.671551] sd 0:0:0:0: [sda] Mode Sense: 00 3a 00 00
Jan 15 18:27:53 CS-3013-VM kernel: [    0.671579] sd 0:0:0:0: [sda] Write cache: enabled, read cache: enabled, doesn't support DPO or FUA
Jan 15 18:27:53 CS-3013-VM systemd[1]: Starting LSB: automatic crash report generation...
Jan 15 18:27:53 CS-3013-VM kernel: [    0.671922] sd 0:0:0:0: Attached scsi generic sg0 type 0
Jan 15 18:27:53 CS-3013-VM kernel: [    0.672446] scsi 2:0:0:0: CD-ROM            VBOX     CD-ROM           1.0  PQ: 0 ANSI: 5
Jan 15 18:27:53 CS-3013-VM kernel: [    0.677116] sr 2:0:0:0: [sr0] scsi3-mmc drive: 32x/32x xa/form2 tray
Jan 15 18:27:53 CS-3013-VM systemd[1]: Starting LSB: Set the CPU Frequency Scaling governor to "ondemand"...
Jan 15 18:27:53 CS-3013-VM kernel: [    0.677121] cdrom: Uniform CD-ROM driver Revision: 3.20
Jan 15 18:27:53 CS-3013-VM kernel: [    0.677282] sr 2:0:0:0: Attached scsi CD-ROM sr0
Jan 15 18:27:53 CS-3013-VM kernel: [    0.677532] sr 2:0:0:0: Attached scsi generic sg1 type 5
Jan 15 18:27:53 CS-3013-VM systemd[1]: Starting Avahi mDNS/DNS-SD Stack...
Jan 15 18:27:53 CS-3013-VM kernel: [    0.719337] e1000 0000:00:03.0 eth0: (PCI:33MHz:32-bit) 08:00:27:c6:9b:44
Jan 15 18:27:53 CS-3013-VM kernel: [    0.719346] e1000 0000:00:03.0 eth0: Intel(R) PRO/1000 Network Connection
Jan 15 18:27:53 CS-3013-VM systemd[1]: Starting System Logging Service...
Jan 15 18:27:53 CS-3013-VM kernel: [    0.719384] e1000e: Intel(R) PRO/1000 Network Driver - 3.2.6-k
Jan 15 18:27:53 CS-3013-VM kernel: [    0.719386] e1000e: Copyright(c) 1999 - 2015 Intel Corporation.
Jan 15 18:27:53 CS-3013-VM kernel: [    0.719405] sky2: driver version 1.30
Jan 15 18:27:53 CS-3013-VM kernel: [    0.719728] ehci_hcd: USB 2.0 'Enhanced' Host Controller (EHCI) Driver
Jan 15 18:27:53 CS-3013-VM systemd[1]: Starting Snappy daemon...
Jan 15 18:27:53 CS-3013-VM kernel: [    0.719731] ehci-pci: EHCI PCI platform driver
Jan 15 18:27:53 CS-3013-VM kernel: [    0.719746] ohci_hcd: USB 1.1 'Open' Host Controller (OHCI) Driver
Jan 15 18:27:53 CS-3013-VM kernel: [    0.719751] ohci-pci: OHCI PCI platform driver
Jan 15 18:27:53 CS-3013-VM systemd[1]: Started CUPS Scheduler.
Jan 15 18:27:53 CS-3013-VM kernel: [    0.720432] ohci-pci 0000:00:06.0: OHCI PCI host controller
Jan 15 18:27:53 CS-3013-VM kernel: [    0.720572] ohci-pci 0000:00:06.0: new USB bus registered, assigned bus number 1
Jan 15 18:27:53 CS-3013-VM systemd[1]: Started Regular background program processing daemon.
Jan 15 18:27:53 CS-3013-VM kernel: [    0.720666] ohci-pci 0000:00:06.0: irq 22, io mem 0xf0804000
Jan 15 18:27:53 CS-3013-VM kernel: [    0.729067]  sda: sda1 sda2 < sda5 >
Jan 15 18:27:53 CS-3013-VM systemd[1]: Started D-Bus System Message Bus.
Jan 15 18:27:53 CS-3013-VM cron[1495]: (CRON) INFO (pidfile fd = 3)
Jan 15 18:27:53 CS-3013-VM acpid: starting up with netlink and the input layer
Jan 15 18:27:53 CS-3013-VM cron[1495]: (CRON) INFO (Running @reboot jobs)
Jan 15 18:27:53 CS-3013-VM vboxadd[1479]: vboxadd.sh: Starting the VirtualBox Guest Additions.
Jan 15 18:27:53 CS-3013-VM acpid: 9 rules loaded
Jan 15 18:27:53 CS-3013-VM kernel: [    0.729544] sd 0:0:0:0: [sda] Attached SCSI disk
Jan 15 18:27:53 CS-3013-VM kernel: [    0.772848] usb usb1: New USB device found, idVendor=1d6b, idProduct=0001
Jan 15 18:27:53 CS-3013-VM acpid: waiting for events: event logging is off
Jan 15 18:27:53 CS-3013-VM kernel: [    0.772851] usb usb1: New USB device strings: Mfr=3, Product=2, SerialNumber=1
Jan 15 18:27:53 CS-3013-VM kernel: [    0.772853] usb usb1: Product: OHCI PCI host controller
Jan 15 18:27:53 CS-3013-VM vboxadd.sh: Starting the VirtualBox Guest Additions.
Jan 15 18:27:53 CS-3013-VM kernel: [    0.772855] usb usb1: Manufacturer: Linux 4.15.0-rc7McDonough ohci_hcd
Jan 15 18:27:53 CS-3013-VM kernel: [    0.772857] usb usb1: SerialNumber: 0000:00:06.0
Jan 15 18:27:53 CS-3013-VM kernel: [    0.773271] hub 1-0:1.0: USB hub found
Jan 15 18:27:53 CS-3013-VM avahi-daemon[1491]: Found user 'avahi' (UID 111) and group 'avahi' (GID 120).
Jan 15 18:27:53 CS-3013-VM kernel: [    0.773291] hub 1-0:1.0: 12 ports detected
Jan 15 18:27:53 CS-3013-VM kernel: [    0.773726] uhci_hcd: USB Universal Host Controller Interface driver
Jan 15 18:27:53 CS-3013-VM kernel: [    0.773762] usbcore: registered new interface driver usblp
Jan 15 18:27:53 CS-3013-VM avahi-daemon[1491]: Successfully dropped root privileges.
Jan 15 18:27:53 CS-3013-VM kernel: [    0.773772] usbcore: registered new interface driver usb-storage
Jan 15 18:27:53 CS-3013-VM kernel: [    0.773795] i8042: PNP: PS/2 Controller [PNP0303:PS2K,PNP0f03:PS2M] at 0x60,0x64 irq 1,12
Jan 15 18:27:53 CS-3013-VM kernel: [    0.774224] serio: i8042 KBD port at 0x60,0x64 irq 1
Jan 15 18:27:53 CS-3013-VM kernel: [    0.774229] serio: i8042 AUX port at 0x60,0x64 irq 12
Jan 15 18:27:53 CS-3013-VM avahi-daemon[1491]: avahi-daemon 0.6.32-rc starting up.
Jan 15 18:27:53 CS-3013-VM kernel: [    0.775147] input: AT Translated Set 2 keyboard as /devices/platform/i8042/serio0/input/input3
Jan 15 18:27:53 CS-3013-VM kernel: [    0.775230] rtc_cmos rtc_cmos: rtc core: registered rtc_cmos as rtc0
Jan 15 18:27:53 CS-3013-VM vboxadd.sh: Building the VirtualBox Guest Additions kernel modules.
Jan 15 18:27:53 CS-3013-VM kernel: [    0.775284] rtc_cmos rtc_cmos: alarms up to one day, 114 bytes nvram
Jan 15 18:27:53 CS-3013-VM kernel: [    0.776294] device-mapper: ioctl: 4.37.0-ioctl (2017-09-20) initialised: dm-devel@redhat.com
Jan 15 18:27:53 CS-3013-VM kernel: [    0.776320] hidraw: raw HID events driver (C) Jiri Kosina
Jan 15 18:27:53 CS-3013-VM kernel: [    0.776437] usbcore: registered new interface driver usbhid
Jan 15 18:27:53 CS-3013-VM vboxadd.sh: Building the main Guest Additions module.
Jan 15 18:27:53 CS-3013-VM kernel: [    0.776439] usbhid: USB HID core driver
Jan 15 18:27:53 CS-3013-VM kernel: [    0.782379] Netfilter messages via NETLINK v0.30.
Jan 15 18:27:53 CS-3013-VM gpu-manager[1487]: /etc/modprobe.d is not a file
Jan 15 18:27:53 CS-3013-VM kernel: [    0.782439] nf_conntrack version 0.5.0 (16384 buckets, 65536 max)
Jan 15 18:27:53 CS-3013-VM kernel: [    0.782459] ctnetlink v0.93: registering with nfnetlink.
Jan 15 18:27:53 CS-3013-VM kernel: [    0.782514] ip_tables: (C) 2000-2006 Netfilter Core Team
Jan 15 18:27:53 CS-3013-VM kernel: [    0.783059] Initializing XFRM netlink socket
Jan 15 18:27:53 CS-3013-VM kernel: [    0.783167] NET: Registered protocol family 10
Jan 15 18:27:53 CS-3013-VM kernel: [    0.783443] Segment Routing with IPv6
Jan 15 18:27:53 CS-3013-VM kernel: [    0.783469] ip6_tables: (C) 2000-2006 Netfilter Core Team
Jan 15 18:27:53 CS-3013-VM kernel: [    0.783873] sit: IPv6, IPv4 and MPLS over IPv4 tunneling driver
Jan 15 18:27:53 CS-3013-VM kernel: [    0.783993] NET: Registered protocol family 17
Jan 15 18:27:53 CS-3013-VM kernel: [    0.784002] Key type dns_resolver registered
Jan 15 18:27:53 CS-3013-VM kernel: [    0.784264] sched_clock: Marking stable (784031251, 0)->(902104371, -118073120)
Jan 15 18:27:53 CS-3013-VM kernel: [    0.785624] registered taskstats version 1
Jan 15 18:27:53 CS-3013-VM kernel: [    0.785627] Loading compiled-in X.509 certificates
Jan 15 18:27:53 CS-3013-VM kernel: [    0.785874]   Magic number: 2:463:504
Jan 15 18:27:53 CS-3013-VM kernel: [    0.785917] console [netcon0] enabled
Jan 15 18:27:53 CS-3013-VM kernel: [    0.785918] netconsole: network logging started
Jan 15 18:27:53 CS-3013-VM kernel: [    0.785964] cfg80211: Loading compiled-in X.509 certificates for regulatory database
Jan 15 18:27:53 CS-3013-VM kernel: [    0.788707] cfg80211: Loaded X.509 cert 'sforshee: 00b28ddf47aef9cea7'
Jan 15 18:27:53 CS-3013-VM kernel: [    0.788712] ALSA device list:
Jan 15 18:27:53 CS-3013-VM kernel: [    0.788714]   No soundcards found.
Jan 15 18:27:53 CS-3013-VM kernel: [    0.789979] Freeing unused kernel memory: 1200K
Jan 15 18:27:53 CS-3013-VM kernel: [    0.789982] Write protecting the kernel read-only data: 18432k
Jan 15 18:27:53 CS-3013-VM gpu-manager[1487]: message repeated 4 times: [ /etc/modprobe.d is not a file]
Jan 15 18:27:53 CS-3013-VM gpu-manager[1487]: Error: can't open /lib/modules/4.15.0-rc7McDonough/updates/dkms
Jan 15 18:27:53 CS-3013-VM kernel: [    0.790651] Freeing unused kernel memory: 2004K
Jan 15 18:27:53 CS-3013-VM kernel: [    0.792660] Freeing unused kernel memory: 1084K
Jan 15 18:27:53 CS-3013-VM kernel: [    0.793093] platform regulatory.0: Direct firmware load for regulatory.db failed with error -2
Jan 15 18:27:53 CS-3013-VM kernel: [    0.793096] cfg80211: failed to load regulatory.db
Jan 15 18:27:53 CS-3013-VM kernel: [    0.886670] e1000 0000:00:03.0 enp0s3: renamed from eth0
Jan 15 18:27:53 CS-3013-VM kernel: [    0.908379] ata_id (1059) used greatest stack depth: 14056 bytes left
Jan 15 18:27:53 CS-3013-VM kernel: [    0.987572] input: ImExPS/2 Generic Explorer Mouse as /devices/platform/i8042/serio1/input/input5
Jan 15 18:27:53 CS-3013-VM gpu-manager[1487]: Error: can't open /lib/modules/4.15.0-rc7McDonough/updates/dkms
Jan 15 18:27:53 CS-3013-VM ModemManager[1485]: <info>  ModemManager (version 1.4.12) starting in system bus...
Jan 15 18:27:53 CS-3013-VM kernel: [    1.028954] systemd-udevd (1052) used greatest stack depth: 13920 bytes left
Jan 15 18:27:53 CS-3013-VM kernel: [    1.029093] systemd-udevd (1045) used greatest stack depth: 13800 bytes left
Jan 15 18:27:53 CS-3013-VM kernel: [    1.173094] usb 1-1: new full-speed USB device number 2 using ohci-pci
Jan 15 18:27:53 CS-3013-VM kernel: [    1.376795] tsc: Refined TSC clocksource calibration: 2194.920 MHz
Jan 15 18:27:53 CS-3013-VM kernel: [    1.376823] clocksource: tsc: mask: 0xffffffffffffffff max_cycles: 0x1fa373f688b, max_idle_ns: 440795233648 ns
Jan 15 18:27:53 CS-3013-VM kernel: [    1.423733] usb 1-1: New USB device found, idVendor=80ee, idProduct=0021
Jan 15 18:27:53 CS-3013-VM kernel: [    1.423736] usb 1-1: New USB device strings: Mfr=1, Product=3, SerialNumber=0
Jan 15 18:27:53 CS-3013-VM kernel: [    1.423739] usb 1-1: Product: USB Tablet
Jan 15 18:27:53 CS-3013-VM kernel: [    1.423741] usb 1-1: Manufacturer: VirtualBox
Jan 15 18:27:53 CS-3013-VM kernel: [    1.436938] input: VirtualBox USB Tablet as /devices/pci0000:00/0000:00:06.0/usb1/1-1/1-1:1.0/0003:80EE:0021.0001/input/input6
Jan 15 18:27:53 CS-3013-VM kernel: [    1.437977] hid-generic 0003:80EE:0021.0001: input,hidraw0: USB HID v1.10 Mouse [VirtualBox USB Tablet] on usb-0000:00:06.0-1/input0
Jan 15 18:27:53 CS-3013-VM kernel: [    1.773590] random: crng init done
Jan 15 18:27:53 CS-3013-VM kernel: [    2.383226] clocksource: Switched to clocksource tsc
Jan 15 18:27:53 CS-3013-VM kernel: [    3.229797] EXT4-fs (sda1): mounted filesystem with ordered data mode. Opts: (null)
Jan 15 18:27:53 CS-3013-VM kernel: [    5.106136] hrtimer: interrupt took 1855562 ns
Jan 15 18:27:53 CS-3013-VM kernel: [    6.007043] systemd-gpt-aut (1103) used greatest stack depth: 13792 bytes left
Jan 15 18:27:53 CS-3013-VM kernel: [    6.286753] systemd-sysv-ge (1108) used greatest stack depth: 13648 bytes left
Jan 15 18:27:53 CS-3013-VM kernel: [    8.225968] mount (1117) used greatest stack depth: 13536 bytes left
Jan 15 18:27:53 CS-3013-VM kernel: [    9.517090] EXT4-fs (sda1): re-mounted. Opts: errors=remount-ro
Jan 15 18:27:53 CS-3013-VM kernel: [   13.919929] Adding 8386556k swap on /dev/sda5.  Priority:-2 extents:1 across:8386556k 
Jan 15 18:27:53 CS-3013-VM kernel: [   15.775634] ps (1516) used greatest stack depth: 13400 bytes left
Jan 15 18:27:53 CS-3013-VM gpu-manager[1487]: update-alternatives: error: no alternatives for x86_64-linux-gnu_gfxcore_conf
Jan 15 18:27:54 CS-3013-VM snapd[1493]: AppArmor status: apparmor not enabled
Jan 15 18:27:54 CS-3013-VM snapd[1493]: 2018/01/15 18:27:54.678136 daemon.go:306: started snapd/2.29.4.2 (series 16; classic; devmode) ubuntu/16.04 (amd64) linux/4.15.0-rc7McDonough.
Jan 15 18:27:54 CS-3013-VM avahi-daemon[1491]: Successfully called chroot().
Jan 15 18:27:54 CS-3013-VM avahi-daemon[1491]: Successfully dropped remaining capabilities.
Jan 15 18:27:54 CS-3013-VM dbus[1496]: [system] Successfully activated service 'org.freedesktop.systemd1'
Jan 15 18:27:54 CS-3013-VM systemd[1]: Started Avahi mDNS/DNS-SD Stack.
Jan 15 18:27:54 CS-3013-VM systemd[1]: Started Make remote CUPS printers available locally.
Jan 15 18:27:54 CS-3013-VM systemd[1]: Starting vboxadd-x11.service...
Jan 15 18:27:54 CS-3013-VM systemd[1]: Starting LSB: daemon to balance interrupts for SMP systems...
Jan 15 18:27:54 CS-3013-VM systemd[1]: Starting Network Manager...
Jan 15 18:27:54 CS-3013-VM systemd[1]: Started System Logging Service.
Jan 15 18:27:54 CS-3013-VM systemd[1]: Started Snappy daemon.
Jan 15 18:27:54 CS-3013-VM systemd[1]: Received SIGRTMIN+20 from PID 1228 (plymouthd).
Jan 15 18:27:54 CS-3013-VM systemd[1]: Started Permit User Sessions.
Jan 15 18:27:54 CS-3013-VM systemd[1]: Started Restore /etc/resolv.conf if the system crashed before the ppp link was shut down.
Jan 15 18:27:54 CS-3013-VM systemd[1]: Started Detect the available GPUs and deal with any system changes.
Jan 15 18:27:54 CS-3013-VM apport[1489]:  * Starting automatic crash report generation: apport
Jan 15 18:27:54 CS-3013-VM systemd[1]: Started Thermal Daemon Service.
Jan 15 18:27:54 CS-3013-VM systemd[1]: Started Login Service.
Jan 15 18:27:54 CS-3013-VM avahi-daemon[1491]: No service file found in /etc/avahi/services.
Jan 15 18:27:54 CS-3013-VM snapd[1493]: 2018/01/15 18:27:54.971423 stateengine.go:98: state ensure error: Get https://api.snapcraft.io/api/v1/snaps/sections: dial tcp: lookup api.snapcraft.io on [::1]:53: read udp [::1]:57356->[::1]:53: read: connection refused
Jan 15 18:27:55 CS-3013-VM thermald[1488]: NO RAPL sysfs present
Jan 15 18:27:55 CS-3013-VM thermald[1488]: 20 CPUID levels; family:model:stepping 0x6:3d:4 (6:61:4)
Jan 15 18:27:55 CS-3013-VM thermald[1488]: Polling mode is enabled: 4
Jan 15 18:27:55 CS-3013-VM thermald[1488]: Thermal DTS: No coretemp sysfs found
Jan 15 18:27:55 CS-3013-VM dbus[1496]: [system] Activating via systemd: service name='org.freedesktop.PolicyKit1' unit='polkitd.service'
Jan 15 18:27:55 CS-3013-VM speech-dispatcher[1475]:  * speech-dispatcher disabled; edit /etc/default/speech-dispatcher
Jan 15 18:27:55 CS-3013-VM systemd[1]: Started LSB: Speech Dispatcher.
Jan 15 18:27:55 CS-3013-VM systemd[1]: Starting Authenticate and Authorize Users to Run Privileged Tasks...
Jan 15 18:27:55 CS-3013-VM avahi-daemon[1491]: Network interface enumeration completed.
Jan 15 18:27:55 CS-3013-VM avahi-daemon[1491]: Server startup complete. Host name is CS-3013-VM.local. Local service cookie is 833660500.
Jan 15 18:27:55 CS-3013-VM systemd[1]: Started LSB: Set the CPU Frequency Scaling governor to "ondemand".
Jan 15 18:27:55 CS-3013-VM irqbalance[1568]:  * Starting SMP IRQ Balancer: irqbalance
Jan 15 18:27:55 CS-3013-VM thermald[1488]: Thermal DTS or hwmon: No Zones present Need to configure manually
Jan 15 18:27:55 CS-3013-VM thermald[1488]: No thermal sensors found
Jan 15 18:27:55 CS-3013-VM thermald[1488]: THD engine start failed
Jan 15 18:27:56 CS-3013-VM NetworkManager[1569]: <info>  [1516058876.9010] NetworkManager (version 1.2.6) is starting...
Jan 15 18:27:56 CS-3013-VM NetworkManager[1569]: <info>  [1516058876.9512] Read config: /etc/NetworkManager/NetworkManager.conf (etc: default-wifi-powersave-on.conf)
Jan 15 18:27:56 CS-3013-VM apport[1489]:    ...done.
Jan 15 18:27:56 CS-3013-VM systemd[1]: Started LSB: automatic crash report generation.
Jan 15 18:27:57 CS-3013-VM systemd[1]: Started vboxadd-x11.service.
Jan 15 18:27:57 CS-3013-VM NetworkManager[1569]: <info>  [1516058877.0335] manager[0x189f1c0]: monitoring kernel firmware directory '/lib/firmware'.
Jan 15 18:27:57 CS-3013-VM NetworkManager[1569]: <info>  [1516058877.0335] monitoring ifupdown state file '/run/network/ifstate'.
Jan 15 18:27:57 CS-3013-VM polkitd[1598]: started daemon version 0.105 using authority implementation `local' version `0.105'
Jan 15 18:27:57 CS-3013-VM dbus[1496]: [system] Successfully activated service 'org.freedesktop.PolicyKit1'
Jan 15 18:27:57 CS-3013-VM systemd[1]: Started Authenticate and Authorize Users to Run Privileged Tasks.
Jan 15 18:27:57 CS-3013-VM accounts-daemon[1486]: started daemon version 0.6.40
Jan 15 18:27:57 CS-3013-VM systemd[1]: Started Accounts Service.
Jan 15 18:27:57 CS-3013-VM NetworkManager[1569]: <info>  [1516058877.4087] dns-mgr[0x187e950]: init: dns=dnsmasq, rc-manager=resolvconf, plugin=dnsmasq
Jan 15 18:27:57 CS-3013-VM systemd[1]: Started Network Manager.
Jan 15 18:27:57 CS-3013-VM systemd[1]: Starting Network Manager Wait Online...
Jan 15 18:27:57 CS-3013-VM systemd[1]: Reached target Network.
Jan 15 18:27:57 CS-3013-VM systemd[1]: Started Unattended Upgrades Shutdown.
Jan 15 18:27:57 CS-3013-VM dbus[1496]: [system] Activating via systemd: service name='org.freedesktop.nm_dispatcher' unit='dbus-org.freedesktop.nm-dispatcher.service'
Jan 15 18:27:57 CS-3013-VM systemd[1]: Starting Network Manager Script Dispatcher Service...
Jan 15 18:27:57 CS-3013-VM irqbalance[1568]:    ...done.
Jan 15 18:27:57 CS-3013-VM systemd[1]: Started LSB: daemon to balance interrupts for SMP systems.
Jan 15 18:27:57 CS-3013-VM systemd[1]: Started LSB: Record successful boot for GRUB.
Jan 15 18:27:58 CS-3013-VM systemd[1]: Started Modem Manager.
Jan 15 18:27:58 CS-3013-VM dbus[1496]: [system] Successfully activated service 'org.freedesktop.nm_dispatcher'
Jan 15 18:27:58 CS-3013-VM systemd[1]: Started Network Manager Script Dispatcher Service.
Jan 15 18:27:58 CS-3013-VM NetworkManager[1569]: <info>  [1516058878.2146] init!
Jan 15 18:27:58 CS-3013-VM NetworkManager[1569]: <info>  [1516058878.2150] management mode: unmanaged
Jan 15 18:27:58 CS-3013-VM NetworkManager[1569]: <info>  [1516058878.2156] devices added (path: /sys/devices/pci0000:00/0000:00:03.0/net/enp0s3, iface: enp0s3)
Jan 15 18:27:58 CS-3013-VM NetworkManager[1569]: <info>  [1516058878.2156] device added (path: /sys/devices/pci0000:00/0000:00:03.0/net/enp0s3, iface: enp0s3): no ifupdown configuration found.
Jan 15 18:27:58 CS-3013-VM NetworkManager[1569]: <info>  [1516058878.2156] devices added (path: /sys/devices/virtual/net/lo, iface: lo)
Jan 15 18:27:58 CS-3013-VM NetworkManager[1569]: <info>  [1516058878.2156] device added (path: /sys/devices/virtual/net/lo, iface: lo): no ifupdown configuration found.
Jan 15 18:27:58 CS-3013-VM NetworkManager[1569]: <info>  [1516058878.2157] devices added (path: /sys/devices/virtual/net/sit0, iface: sit0)
Jan 15 18:27:58 CS-3013-VM NetworkManager[1569]: <info>  [1516058878.2157] device added (path: /sys/devices/virtual/net/sit0, iface: sit0): no ifupdown configuration found.
Jan 15 18:27:58 CS-3013-VM NetworkManager[1569]: <info>  [1516058878.2157] end _init.
Jan 15 18:27:58 CS-3013-VM NetworkManager[1569]: <info>  [1516058878.2157] settings: loaded plugin ifupdown: (C) 2008 Canonical Ltd.  To report bugs please use the NetworkManager mailing list. (/usr/lib/x86_64-linux-gnu/NetworkManager/libnm-settings-plugin-ifupdown.so)
Jan 15 18:27:58 CS-3013-VM NetworkManager[1569]: <info>  [1516058878.2158] settings: loaded plugin keyfile: (c) 2007 - 2015 Red Hat, Inc.  To report bugs please use the NetworkManager mailing list.
Jan 15 18:27:58 CS-3013-VM NetworkManager[1569]: <info>  [1516058878.2217] SettingsPlugin-Ofono: init!
Jan 15 18:27:58 CS-3013-VM NetworkManager[1569]: <warn>  [1516058878.2219] SettingsPlugin-Ofono: file doesn't exist: /var/lib/ofono
Jan 15 18:27:58 CS-3013-VM NetworkManager[1569]: <info>  [1516058878.2219] SettingsPlugin-Ofono: end _init.
Jan 15 18:27:58 CS-3013-VM NetworkManager[1569]: <info>  [1516058878.2219] settings: loaded plugin ofono: (C) 2013-2016 Canonical Ltd.  To report bugs please use the NetworkManager mailing list. (/usr/lib/x86_64-linux-gnu/NetworkManager/libnm-settings-plugin-ofono.so)
Jan 15 18:27:58 CS-3013-VM NetworkManager[1569]: <info>  [1516058878.2219] (25937824) ... get_connections.
Jan 15 18:27:58 CS-3013-VM NetworkManager[1569]: <info>  [1516058878.2219] (25937824) ... get_connections (managed=false): return empty list.
Jan 15 18:27:58 CS-3013-VM NetworkManager[1569]: <info>  [1516058878.2570] SettingsPlugin-Ofono: (25938048) ... get_connections.
Jan 15 18:27:58 CS-3013-VM NetworkManager[1569]: <info>  [1516058878.2570] SettingsPlugin-Ofono: (25938048) connections count: 0
Jan 15 18:27:58 CS-3013-VM NetworkManager[1569]: <info>  [1516058878.2574] get unmanaged devices count: 0
Jan 15 18:27:58 CS-3013-VM dbus[1496]: [system] Activating via systemd: service name='org.freedesktop.hostname1' unit='dbus-org.freedesktop.hostname1.service'
Jan 15 18:27:58 CS-3013-VM systemd[1]: Starting Hostname Service...
Jan 15 18:27:58 CS-3013-VM dbus[1496]: [system] Successfully activated service 'org.freedesktop.hostname1'
Jan 15 18:27:58 CS-3013-VM systemd[1]: Started Hostname Service.
Jan 15 18:27:58 CS-3013-VM NetworkManager[1569]: <info>  [1516058878.5988] settings: hostname: using hostnamed
Jan 15 18:27:58 CS-3013-VM NetworkManager[1569]: <info>  [1516058878.5989] settings: hostname changed from (none) to "CS-3013-VM"
Jan 15 18:27:58 CS-3013-VM NetworkManager[1569]: <info>  [1516058878.5991] Using DHCP client 'dhclient'
Jan 15 18:27:58 CS-3013-VM NetworkManager[1569]: <info>  [1516058878.5991] manager: WiFi enabled by radio killswitch; enabled by state file
Jan 15 18:27:58 CS-3013-VM NetworkManager[1569]: <info>  [1516058878.5992] manager: WWAN enabled by radio killswitch; enabled by state file
Jan 15 18:27:58 CS-3013-VM NetworkManager[1569]: <info>  [1516058878.5992] manager: Networking is enabled by state file
Jan 15 18:27:58 CS-3013-VM nm-dispatcher: req:1 'hostname': new request (1 scripts)
Jan 15 18:27:58 CS-3013-VM NetworkManager[1569]: <info>  [1516058878.5993] Loaded device plugin: NMVxlanFactory (internal)
Jan 15 18:27:58 CS-3013-VM nm-dispatcher: req:1 'hostname': start running ordered scripts...
Jan 15 18:27:58 CS-3013-VM NetworkManager[1569]: <info>  [1516058878.5993] Loaded device plugin: NMVlanFactory (internal)
Jan 15 18:27:58 CS-3013-VM NetworkManager[1569]: <info>  [1516058878.5993] Loaded device plugin: NMVethFactory (internal)
Jan 15 18:27:58 CS-3013-VM NetworkManager[1569]: <info>  [1516058878.5993] Loaded device plugin: NMTunFactory (internal)
Jan 15 18:27:58 CS-3013-VM NetworkManager[1569]: <info>  [1516058878.5994] Loaded device plugin: NMMacvlanFactory (internal)
Jan 15 18:27:58 CS-3013-VM NetworkManager[1569]: <info>  [1516058878.5994] Loaded device plugin: NMIPTunnelFactory (internal)
Jan 15 18:27:58 CS-3013-VM NetworkManager[1569]: <info>  [1516058878.5994] Loaded device plugin: NMInfinibandFactory (internal)
Jan 15 18:27:58 CS-3013-VM NetworkManager[1569]: <info>  [1516058878.5994] Loaded device plugin: NMEthernetFactory (internal)
Jan 15 18:27:58 CS-3013-VM NetworkManager[1569]: <info>  [1516058878.5994] Loaded device plugin: NMBridgeFactory (internal)
Jan 15 18:27:58 CS-3013-VM NetworkManager[1569]: <info>  [1516058878.5995] Loaded device plugin: NMBondFactory (internal)
Jan 15 18:27:58 CS-3013-VM NetworkManager[1569]: <info>  [1516058878.8576] Loaded device plugin: NMWifiFactory (/usr/lib/x86_64-linux-gnu/NetworkManager/libnm-device-plugin-wifi.so)
Jan 15 18:27:58 CS-3013-VM NetworkManager[1569]: <info>  [1516058878.8746] Loaded device plugin: NMAtmManager (/usr/lib/x86_64-linux-gnu/NetworkManager/libnm-device-plugin-adsl.so)
Jan 15 18:27:58 CS-3013-VM NetworkManager[1569]: <info>  [1516058878.9032] Loaded device plugin: NMWwanFactory (/usr/lib/x86_64-linux-gnu/NetworkManager/libnm-device-plugin-wwan.so)
Jan 15 18:27:58 CS-3013-VM NetworkManager[1569]: <info>  [1516058878.9278] Loaded device plugin: NMBluezManager (/usr/lib/x86_64-linux-gnu/NetworkManager/libnm-device-plugin-bluetooth.so)
Jan 15 18:27:58 CS-3013-VM NetworkManager[1569]: <info>  [1516058878.9422] manager: (sit0): new IPTunnel device (/org/freedesktop/NetworkManager/Devices/0)
Jan 15 18:27:58 CS-3013-VM NetworkManager[1569]: <info>  [1516058878.9439] manager: (enp0s3): new Ethernet device (/org/freedesktop/NetworkManager/Devices/1)
Jan 15 18:27:58 CS-3013-VM NetworkManager[1569]: <info>  [1516058878.9453] keyfile: add connection in-memory (7a1aedc8-509b-3fab-9352-62e4f1473933,"Wired connection 1")
Jan 15 18:27:58 CS-3013-VM NetworkManager[1569]: <info>  [1516058878.9917] settings: (enp0s3): created default wired connection 'Wired connection 1'
Jan 15 18:27:58 CS-3013-VM NetworkManager[1569]: <info>  [1516058878.9927] device (enp0s3): state change: unmanaged -> unavailable (reason 'managed') [10 20 2]
Jan 15 18:27:58 CS-3013-VM kernel: [   23.993171] IPv6: ADDRCONF(NETDEV_UP): enp0s3: link is not ready
Jan 15 18:27:58 CS-3013-VM kernel: [   23.994602] IPv6: ADDRCONF(NETDEV_UP): enp0s3: link is not ready
Jan 15 18:27:58 CS-3013-VM kernel: [   23.995774] e1000: enp0s3 NIC Link is Up 1000 Mbps Full Duplex, Flow Control: RX
Jan 15 18:27:58 CS-3013-VM kernel: [   23.996119] IPv6: ADDRCONF(NETDEV_CHANGE): enp0s3: link becomes ready
Jan 15 18:27:58 CS-3013-VM NetworkManager[1569]: nm_device_get_device_type: assertion 'NM_IS_DEVICE (self)' failed
Jan 15 18:27:58 CS-3013-VM NetworkManager[1569]: <info>  [1516058878.9971] device (lo): link connected
Jan 15 18:27:58 CS-3013-VM NetworkManager[1569]: <info>  [1516058878.9983] manager: (lo): new Generic device (/org/freedesktop/NetworkManager/Devices/2)
Jan 15 18:27:59 CS-3013-VM NetworkManager[1569]: <info>  [1516058879.0922] urfkill disappeared from the bus
Jan 15 18:27:59 CS-3013-VM NetworkManager[1569]: <info>  [1516058879.0998] device (enp0s3): link connected
Jan 15 18:27:59 CS-3013-VM NetworkManager[1569]: <info>  [1516058879.1081] ModemManager available in the bus
Jan 15 18:27:59 CS-3013-VM NetworkManager[1569]: <info>  [1516058879.1097] ofono is now available
Jan 15 18:27:59 CS-3013-VM NetworkManager[1569]: <warn>  [1516058879.1112] failed to enumerate oFono devices: GDBus.Error:org.freedesktop.DBus.Error.ServiceUnknown: The name org.ofono was not provided by any .service files
Jan 15 18:27:59 CS-3013-VM NetworkManager[1569]: <info>  [1516058879.1125] device (enp0s3): state change: unavailable -> disconnected (reason 'carrier-changed') [20 30 40]
Jan 15 18:27:59 CS-3013-VM NetworkManager[1569]: <info>  [1516058879.1173] policy: auto-activating connection 'Wired connection 1'
Jan 15 18:27:59 CS-3013-VM NetworkManager[1569]: <info>  [1516058879.1217] device (enp0s3): Activation: starting connection 'Wired connection 1' (7a1aedc8-509b-3fab-9352-62e4f1473933)
Jan 15 18:27:59 CS-3013-VM NetworkManager[1569]: <info>  [1516058879.1225] device (enp0s3): state change: disconnected -> prepare (reason 'none') [30 40 0]
Jan 15 18:27:59 CS-3013-VM NetworkManager[1569]: <info>  [1516058879.1230] manager: NetworkManager state is now CONNECTING
Jan 15 18:27:59 CS-3013-VM NetworkManager[1569]: <info>  [1516058879.1254] device (enp0s3): state change: prepare -> config (reason 'none') [40 50 0]
Jan 15 18:27:59 CS-3013-VM NetworkManager[1569]: <info>  [1516058879.1319] device (enp0s3): state change: config -> ip-config (reason 'none') [50 70 0]
Jan 15 18:27:59 CS-3013-VM NetworkManager[1569]: <info>  [1516058879.1526] dhcp4 (enp0s3): activation: beginning transaction (timeout in 45 seconds)
Jan 15 18:27:59 CS-3013-VM NetworkManager[1569]: <info>  [1516058879.3398] dhcp4 (enp0s3): dhclient started with pid 1665
Jan 15 18:27:59 CS-3013-VM dhclient[1665]: DHCPDISCOVER on enp0s3 to 255.255.255.255 port 67 interval 3 (xid=0x96eb3806)
Jan 15 18:27:59 CS-3013-VM dhclient[1665]: DHCPREQUEST of 10.0.2.15 on enp0s3 to 255.255.255.255 port 67 (xid=0x638eb96)
Jan 15 18:27:59 CS-3013-VM dhclient[1665]: DHCPOFFER of 10.0.2.15 from 10.0.2.2
Jan 15 18:27:59 CS-3013-VM dhclient[1665]: DHCPACK of 10.0.2.15 from 10.0.2.2
Jan 15 18:27:59 CS-3013-VM NetworkManager[1569]: <info>  [1516058879.6483]   address 10.0.2.15
Jan 15 18:27:59 CS-3013-VM NetworkManager[1569]: <info>  [1516058879.6484]   plen 24 (255.255.255.0)
Jan 15 18:27:59 CS-3013-VM NetworkManager[1569]: <info>  [1516058879.6484]   gateway 10.0.2.2
Jan 15 18:27:59 CS-3013-VM NetworkManager[1569]: <info>  [1516058879.6484]   server identifier 10.0.2.2
Jan 15 18:27:59 CS-3013-VM NetworkManager[1569]: <info>  [1516058879.6484]   lease time 86400
Jan 15 18:27:59 CS-3013-VM NetworkManager[1569]: <info>  [1516058879.6484]   nameserver '130.215.41.1'
Jan 15 18:27:59 CS-3013-VM NetworkManager[1569]: <info>  [1516058879.6485]   nameserver '130.215.41.2'
Jan 15 18:27:59 CS-3013-VM NetworkManager[1569]: <info>  [1516058879.6485]   nameserver '130.215.41.3'
Jan 15 18:27:59 CS-3013-VM NetworkManager[1569]: <info>  [1516058879.6485]   domain name 'dyn.wpi.edu'
Jan 15 18:27:59 CS-3013-VM NetworkManager[1569]: <info>  [1516058879.6485] dhcp4 (enp0s3): state changed unknown -> bound
Jan 15 18:27:59 CS-3013-VM NetworkManager[1569]: <info>  [1516058879.6499] device (enp0s3): state change: ip-config -> ip-check (reason 'none') [70 80 0]
Jan 15 18:27:59 CS-3013-VM avahi-daemon[1491]: Joining mDNS multicast group on interface enp0s3.IPv4 with address 10.0.2.15.
Jan 15 18:27:59 CS-3013-VM avahi-daemon[1491]: New relevant interface enp0s3.IPv4 for mDNS.
Jan 15 18:27:59 CS-3013-VM avahi-daemon[1491]: Registering new address record for 10.0.2.15 on enp0s3.IPv4.
Jan 15 18:27:59 CS-3013-VM NetworkManager[1569]: <info>  [1516058879.6587] device (enp0s3): state change: ip-check -> secondaries (reason 'none') [80 90 0]
Jan 15 18:27:59 CS-3013-VM NetworkManager[1569]: <info>  [1516058879.6603] device (enp0s3): state change: secondaries -> activated (reason 'none') [90 100 0]
Jan 15 18:27:59 CS-3013-VM NetworkManager[1569]: <info>  [1516058879.6604] manager: NetworkManager state is now CONNECTED_LOCAL
Jan 15 18:27:59 CS-3013-VM NetworkManager[1569]: <info>  [1516058879.7049] manager: NetworkManager state is now CONNECTED_GLOBAL
Jan 15 18:27:59 CS-3013-VM NetworkManager[1569]: <info>  [1516058879.7051] policy: set 'Wired connection 1' (enp0s3) as default for IPv4 routing and DNS
Jan 15 18:27:59 CS-3013-VM NetworkManager[1569]: <info>  [1516058879.7067] dns-plugin[0x18ad500]: starting dnsmasq...
Jan 15 18:27:59 CS-3013-VM dhclient[1665]: bound to 10.0.2.15 -- renewal in 37590 seconds.
Jan 15 18:27:59 CS-3013-VM NetworkManager[1569]: <info>  [1516058879.8878] dns-mgr: Writing DNS information to /sbin/resolvconf
Jan 15 18:27:59 CS-3013-VM dnsmasq[1691]: started, version 2.75 cache disabled
Jan 15 18:27:59 CS-3013-VM dnsmasq[1691]: compile time options: IPv6 GNU-getopt DBus i18n IDN DHCP DHCPv6 no-Lua TFTP conntrack ipset auth DNSSEC loop-detect inotify
Jan 15 18:27:59 CS-3013-VM dnsmasq[1691]: DBus support enabled: connected to system bus
Jan 15 18:27:59 CS-3013-VM dnsmasq[1691]: warning: no upstream servers configured
Jan 15 18:28:00 CS-3013-VM ModemManager[1485]: <info>  Couldn't find support for device at '/sys/devices/pci0000:00/0000:00:03.0': not supported by any plugin
Jan 15 18:28:00 CS-3013-VM NetworkManager[1569]: <info>  [1516058880.6806] device (enp0s3): Activation: successful, device activated.
Jan 15 18:28:00 CS-3013-VM nm-dispatcher: req:2 'up' [enp0s3]: new request (1 scripts)
Jan 15 18:28:00 CS-3013-VM nm-dispatcher: req:2 'up' [enp0s3]: start running ordered scripts...
Jan 15 18:28:00 CS-3013-VM NetworkManager[1569]: <info>  [1516058880.6859] dnsmasq[0x18ad500]: dnsmasq appeared as :1.21
Jan 15 18:28:00 CS-3013-VM dnsmasq[1691]: setting upstream servers from DBus
Jan 15 18:28:00 CS-3013-VM dnsmasq[1691]: using nameserver 130.215.41.1#53(via enp0s3)
Jan 15 18:28:00 CS-3013-VM dnsmasq[1691]: using nameserver 130.215.41.2#53(via enp0s3)
Jan 15 18:28:00 CS-3013-VM dnsmasq[1691]: using nameserver 130.215.41.3#53(via enp0s3)
Jan 15 18:28:01 CS-3013-VM avahi-daemon[1491]: Joining mDNS multicast group on interface enp0s3.IPv6 with address fe80::c9d8:f162:4de3:55fd.
Jan 15 18:28:01 CS-3013-VM avahi-daemon[1491]: New relevant interface enp0s3.IPv6 for mDNS.
Jan 15 18:28:01 CS-3013-VM avahi-daemon[1491]: Registering new address record for fe80::c9d8:f162:4de3:55fd on enp0s3.*.
Jan 15 18:28:04 CS-3013-VM NetworkManager[1569]: <info>  [1516058884.0031] manager: startup complete
Jan 15 18:28:04 CS-3013-VM systemd[1]: Started Network Manager Wait Online.
Jan 15 18:28:04 CS-3013-VM systemd[1]: Reached target Network is Online.
Jan 15 18:28:04 CS-3013-VM systemd[1]: Started Daily apt download activities.
Jan 15 18:28:04 CS-3013-VM systemd[1]: Started Daily apt upgrade and clean activities.
Jan 15 18:28:04 CS-3013-VM systemd[1]: Reached target Timers.
Jan 15 18:28:04 CS-3013-VM systemd[1]: Started crash report submission daemon.
Jan 15 18:28:04 CS-3013-VM systemd[1]: Starting /etc/rc.local Compatibility...
Jan 15 18:28:04 CS-3013-VM systemd[1]: Started /etc/rc.local Compatibility.
Jan 15 18:28:04 CS-3013-VM systemd[1]: Starting Hold until boot process finishes up...
Jan 15 18:28:04 CS-3013-VM whoopsie[2245]: [18:28:04] Using lock path: /var/lock/whoopsie/lock
Jan 15 18:28:04 CS-3013-VM whoopsie[2245]: [18:28:04] The default IPv4 route is: /org/freedesktop/NetworkManager/ActiveConnection/0
Jan 15 18:28:04 CS-3013-VM whoopsie[2245]: [18:28:04] Not a paid data plan: /org/freedesktop/NetworkManager/ActiveConnection/0
Jan 15 18:28:04 CS-3013-VM whoopsie[2245]: [18:28:04] Found usable connection: /org/freedesktop/NetworkManager/ActiveConnection/0
Jan 15 18:28:08 CS-3013-VM NetworkManager[1569]: <info>  [1516058888.0042] manager: WiFi hardware radio set enabled
Jan 15 18:28:08 CS-3013-VM NetworkManager[1569]: <info>  [1516058888.0042] manager: WWAN hardware radio set enabled
Jan 15 18:28:09 CS-3013-VM vboxadd[1479]: vboxadd.sh: failed: Look at /var/log/vboxadd-install.log to find out what went wrong.
Jan 15 18:28:09 CS-3013-VM vboxadd.sh: Look at /var/log/vboxadd-install.log to find out what went wrong.
Jan 15 18:28:09 CS-3013-VM vboxadd.sh: Doing non-kernel setup of the Guest Additions.
Jan 15 18:28:09 CS-3013-VM vboxadd[1479]: vboxadd.sh: failed: modprobe vboxguest failed.
Jan 15 18:28:09 CS-3013-VM vboxadd.sh: modprobe vboxguest failed.
Jan 15 18:28:09 CS-3013-VM systemd[1]: vboxadd.service: Main process exited, code=exited, status=1/FAILURE
Jan 15 18:28:09 CS-3013-VM systemd[1]: Failed to start vboxadd.service.
Jan 15 18:28:09 CS-3013-VM systemd[1]: vboxadd.service: Unit entered failed state.
Jan 15 18:28:09 CS-3013-VM systemd[1]: vboxadd.service: Failed with result 'exit-code'.
Jan 15 18:28:09 CS-3013-VM systemd[1]: Starting vboxadd-service.service...
Jan 15 18:28:09 CS-3013-VM systemd[1]: Starting Light Display Manager...
Jan 15 18:28:09 CS-3013-VM vboxadd-service[2451]: vboxadd-service.sh: Starting VirtualBox Guest Addition service.
Jan 15 18:28:09 CS-3013-VM vboxadd-service.sh: Starting VirtualBox Guest Addition service.
Jan 15 18:28:09 CS-3013-VM vboxadd-service[2451]: VirtualBox Additions module not loaded!
Jan 15 18:28:09 CS-3013-VM systemd[1]: vboxadd-service.service: Control process exited, code=exited status=1
Jan 15 18:28:09 CS-3013-VM systemd[1]: Failed to start vboxadd-service.service.
Jan 15 18:28:09 CS-3013-VM systemd[1]: vboxadd-service.service: Unit entered failed state.
Jan 15 18:28:09 CS-3013-VM systemd[1]: vboxadd-service.service: Failed with result 'exit-code'.
Jan 15 18:28:10 CS-3013-VM systemd[1]: Received SIGRTMIN+21 from PID 1228 (plymouthd).
Jan 15 18:28:10 CS-3013-VM systemd[1]: Started Hold until boot process finishes up.
Jan 15 18:28:10 CS-3013-VM systemd[1]: Starting Set console scheme...
Jan 15 18:28:10 CS-3013-VM systemd[1]: Started Getty on tty1.
Jan 15 18:28:10 CS-3013-VM systemd[1]: Reached target Login Prompts.
Jan 15 18:28:10 CS-3013-VM systemd[1]: Reached target Multi-User System.
Jan 15 18:28:10 CS-3013-VM systemd[1]: Started Light Display Manager.
Jan 15 18:28:10 CS-3013-VM systemd[1]: Reached target Graphical Interface.
Jan 15 18:28:10 CS-3013-VM systemd[1]: Starting Update UTMP about System Runlevel Changes...
Jan 15 18:28:10 CS-3013-VM systemd[1]: Started Update UTMP about System Runlevel Changes.
Jan 15 18:28:10 CS-3013-VM systemd[1]: Started Set console scheme.
Jan 15 18:28:10 CS-3013-VM systemd[1]: Startup finished in 4.968s (kernel) + 30.348s (userspace) = 35.317s.
Jan 15 18:28:13 CS-3013-VM systemd[1]: Created slice User Slice of lightdm.
Jan 15 18:28:13 CS-3013-VM systemd[1]: Starting User Manager for UID 108...
Jan 15 18:28:13 CS-3013-VM systemd[1]: Started Session c1 of user lightdm.
Jan 15 18:28:13 CS-3013-VM systemd[2500]: Reached target Paths.
Jan 15 18:28:13 CS-3013-VM systemd[2500]: Reached target Timers.
Jan 15 18:28:13 CS-3013-VM systemd[2500]: Reached target Sockets.
Jan 15 18:28:13 CS-3013-VM systemd[2500]: Reached target Basic System.
Jan 15 18:28:13 CS-3013-VM systemd[2500]: Reached target Default.
Jan 15 18:28:13 CS-3013-VM systemd[2500]: Startup finished in 144ms.
Jan 15 18:28:13 CS-3013-VM systemd[1]: Started User Manager for UID 108.
Jan 15 18:28:16 CS-3013-VM org.a11y.atspi.Registry[2521]: SpiRegistry daemon is running with well-known name - org.a11y.atspi.Registry
Jan 15 18:28:21 CS-3013-VM dbus[1496]: [system] Activating via systemd: service name='org.bluez' unit='dbus-org.bluez.service'
Jan 15 18:28:23 CS-3013-VM dbus[1496]: [system] Activating via systemd: service name='org.freedesktop.UPower' unit='upower.service'
Jan 15 18:28:23 CS-3013-VM systemd[1]: Starting Daemon for power management...
Jan 15 18:28:24 CS-3013-VM dbus[1496]: [system] Activating via systemd: service name='org.freedesktop.RealtimeKit1' unit='rtkit-daemon.service'
Jan 15 18:28:24 CS-3013-VM systemd[1]: Starting RealtimeKit Scheduling Policy Service...
Jan 15 18:28:24 CS-3013-VM dbus[1496]: [system] Successfully activated service 'org.freedesktop.UPower'
Jan 15 18:28:24 CS-3013-VM systemd[1]: Started Daemon for power management.
Jan 15 18:28:24 CS-3013-VM dbus[1496]: [system] Successfully activated service 'org.freedesktop.RealtimeKit1'
Jan 15 18:28:24 CS-3013-VM systemd[1]: Started RealtimeKit Scheduling Policy Service.
Jan 15 18:28:24 CS-3013-VM rtkit-daemon[2622]: Successfully called chroot.
Jan 15 18:28:24 CS-3013-VM rtkit-daemon[2622]: Successfully dropped privileges.
Jan 15 18:28:24 CS-3013-VM rtkit-daemon[2622]: Successfully limited resources.
Jan 15 18:28:24 CS-3013-VM rtkit-daemon[2622]: Running.
Jan 15 18:28:24 CS-3013-VM rtkit-daemon[2622]: Watchdog thread running.
Jan 15 18:28:24 CS-3013-VM rtkit-daemon[2622]: Canary thread running.
Jan 15 18:28:24 CS-3013-VM rtkit-daemon[2622]: Successfully made thread 2621 of process 2621 (n/a) owned by '108' high priority at nice level -11.
Jan 15 18:28:24 CS-3013-VM rtkit-daemon[2622]: Supervising 1 threads of 1 processes of 1 users.
Jan 15 18:28:25 CS-3013-VM dbus[1496]: [system] Activating via systemd: service name='org.freedesktop.ColorManager' unit='colord.service'
Jan 15 18:28:25 CS-3013-VM systemd[1]: Starting Manage, Install and Generate Color Profiles...
Jan 15 18:28:25 CS-3013-VM rtkit-daemon[2622]: Successfully made thread 2639 of process 2639 (n/a) owned by '108' high priority at nice level -11.
Jan 15 18:28:25 CS-3013-VM rtkit-daemon[2622]: Supervising 2 threads of 2 processes of 1 users.
Jan 15 18:28:25 CS-3013-VM pulseaudio[2639]: [pulseaudio] pid.c: Daemon already running.
Jan 15 18:28:26 CS-3013-VM dbus[1496]: [system] Successfully activated service 'org.freedesktop.ColorManager'
Jan 15 18:28:26 CS-3013-VM systemd[1]: Started Manage, Install and Generate Color Profiles.
Jan 15 18:28:46 CS-3013-VM pulseaudio[2621]: [pulseaudio] bluez5-util.c: GetManagedObjects() failed: org.freedesktop.DBus.Error.TimedOut: Failed to activate service 'org.bluez': timed out
Jan 15 18:31:40 CS-3013-VM org.gtk.vfs.Daemon[2513]: A connection to the bus can't be made
Jan 15 18:31:41 CS-3013-VM systemd[1]: Created slice User Slice of student.
Jan 15 18:31:41 CS-3013-VM systemd[1]: Started Session c2 of user student.
Jan 15 18:31:41 CS-3013-VM systemd[1]: Starting User Manager for UID 1000...
Jan 15 18:31:41 CS-3013-VM systemd[2664]: Reached target Timers.
Jan 15 18:31:41 CS-3013-VM systemd[2664]: Reached target Sockets.
Jan 15 18:31:41 CS-3013-VM systemd[2664]: Reached target Paths.
Jan 15 18:31:41 CS-3013-VM systemd[2664]: Reached target Basic System.
Jan 15 18:31:41 CS-3013-VM systemd[2664]: Reached target Default.
Jan 15 18:31:41 CS-3013-VM systemd[2664]: Startup finished in 216ms.
Jan 15 18:31:41 CS-3013-VM systemd[1]: Started User Manager for UID 1000.
Jan 15 18:31:44 CS-3013-VM org.ayatana.bamf[2759]: bamfdaemon start/running, process 2854
Jan 15 18:31:49 CS-3013-VM org.a11y.atspi.Registry[2897]: SpiRegistry daemon is running with well-known name - org.a11y.atspi.Registry
Jan 15 18:31:49 CS-3013-VM dbus[1496]: [system] Activating via systemd: service name='org.bluez' unit='dbus-org.bluez.service'
Jan 15 18:31:49 CS-3013-VM rtkit-daemon[2622]: Successfully made thread 2973 of process 2973 (n/a) owned by '1000' high priority at nice level -11.
Jan 15 18:31:49 CS-3013-VM rtkit-daemon[2622]: Supervising 2 threads of 2 processes of 2 users.
Jan 15 18:31:49 CS-3013-VM org.gnome.ScreenSaver[2759]: ** (gnome-screensaver:2958): WARNING **: Couldn't get presence status: The name org.gnome.SessionManager was not provided by any .service files
Jan 15 18:31:50 CS-3013-VM dbus[1496]: [system] Activating via systemd: service name='org.freedesktop.locale1' unit='dbus-org.freedesktop.locale1.service'
Jan 15 18:31:50 CS-3013-VM systemd[1]: Starting Locale Service...
Jan 15 18:31:50 CS-3013-VM gnome-session[2888]: gnome-session-is-accelerated: llvmpipe detected.
Jan 15 18:31:50 CS-3013-VM dbus[1496]: [system] Successfully activated service 'org.freedesktop.locale1'
Jan 15 18:31:50 CS-3013-VM systemd[1]: Started Locale Service.
Jan 15 18:31:51 CS-3013-VM gnome-session[2888]: SSH_AUTH_SOCK=/run/user/1000/keyring/ssh
Jan 15 18:31:51 CS-3013-VM gnome-session[2888]: SSH_AUTH_SOCK=/run/user/1000/keyring/ssh
Jan 15 18:31:52 CS-3013-VM gnome-session[2888]: SSH_AUTH_SOCK=/run/user/1000/keyring/ssh
Jan 15 18:31:54 CS-3013-VM gnome-session[2888]: (process:3072): indicator-application-service-WARNING **: Unable to get watcher name 'org.kde.StatusNotifierWatcher'
Jan 15 18:31:54 CS-3013-VM gnome-session[2888]: (process:3072): indicator-application-service-WARNING **: Name Lost
Jan 15 18:31:55 CS-3013-VM gnome-session-binary[2888]: Entering running state
Jan 15 18:31:55 CS-3013-VM dbus[1496]: [system] Activating service name='org.freedesktop.fwupd' (using servicehelper)
Jan 15 18:31:55 CS-3013-VM dbus[1496]: [system] Activating via systemd: service name='org.freedesktop.UDisks2' unit='udisks2.service'
Jan 15 18:31:56 CS-3013-VM systemd[1]: Starting Disk Manager...
Jan 15 18:31:56 CS-3013-VM udisksd[3094]: udisks daemon version 2.1.7 starting
Jan 15 18:31:56 CS-3013-VM dbus[1496]: [system] Successfully activated service 'org.freedesktop.UDisks2'
Jan 15 18:31:56 CS-3013-VM systemd[1]: Started Disk Manager.
Jan 15 18:31:56 CS-3013-VM udisksd[3094]: Acquired the name org.freedesktop.UDisks2 on the system message bus
Jan 15 18:31:56 CS-3013-VM udisksd[3094]: Cleaning up mount point /media/student/VBOXADDITIONS_5.1.26_117224 (device 11:0 is not mounted)
Jan 15 18:31:57 CS-3013-VM org.gtk.vfs.AfcVolumeMonitor[2759]: Volume monitor alive
Jan 15 18:31:58 CS-3013-VM org.freedesktop.fwupd[1496]: (fwupd:3091): Fu-WARNING **: Failed to coldplug: UEFI firmware updating not supported
Jan 15 18:31:58 CS-3013-VM dbus[1496]: [system] Successfully activated service 'org.freedesktop.fwupd'
Jan 15 18:31:59 CS-3013-VM kernel: [  264.153784] ISO 9660 Extensions: Microsoft Joliet Level 3
Jan 15 18:31:59 CS-3013-VM kernel: [  264.154393] ISO 9660 Extensions: RRIP_1991A
Jan 15 18:31:59 CS-3013-VM udisksd[3094]: Mounted /dev/sr0 at /media/student/VBOXADDITIONS_5.1.26_117224 on behalf of uid 1000
Jan 15 18:32:01 CS-3013-VM systemd[1]: Stopping User Manager for UID 108...
Jan 15 18:32:01 CS-3013-VM systemd[2500]: Reached target Shutdown.
Jan 15 18:32:01 CS-3013-VM systemd[2500]: Starting Exit the Session...
Jan 15 18:32:01 CS-3013-VM systemd[2500]: Stopped target Default.
Jan 15 18:32:01 CS-3013-VM systemd[2500]: Stopped target Basic System.
Jan 15 18:32:01 CS-3013-VM systemd[2500]: Stopped target Paths.
Jan 15 18:32:01 CS-3013-VM systemd[2500]: Stopped target Timers.
Jan 15 18:32:01 CS-3013-VM systemd[2500]: Stopped target Sockets.
Jan 15 18:32:01 CS-3013-VM systemd[2500]: Received SIGRTMIN+24 from PID 3154 (kill).
Jan 15 18:32:01 CS-3013-VM systemd[1]: Stopped User Manager for UID 108.
Jan 15 18:32:01 CS-3013-VM systemd[1]: Removed slice User Slice of lightdm.
Jan 15 18:32:04 CS-3013-VM org.gnome.ScreenSaver[2759]: ** Message: Lost the name, shutting down.
Jan 15 18:32:13 CS-3013-VM org.gnome.zeitgeist.Engine[2759]: Performing VACUUM operation... OK
Jan 15 18:32:13 CS-3013-VM org.gnome.zeitgeist.Engine[2759]: ** (zeitgeist-datahub:3268): WARNING **: zeitgeist-datahub.vala:229: Unable to get name "org.gnome.zeitgeist.datahub" on the bus!
Jan 15 18:32:14 CS-3013-VM pulseaudio[2973]: [pulseaudio] bluez5-util.c: GetManagedObjects() failed: org.freedesktop.DBus.Error.TimedOut: Failed to activate service 'org.bluez': timed out
Jan 15 18:32:30 CS-3013-VM com.canonical.Unity.Scope.Applications[2759]: Error loading package indexes: Couldn't stat '/var/cache/software-center/xapian'
Jan 15 18:32:30 CS-3013-VM com.canonical.Unity.Scope.Applications[2759]: (unity-scope-loader:3297): unity-applications-daemon-CRITICAL **: daemon.vala:144: Failed to load Software Center index. 'Apps Available for Download' will not be listed
Jan 15 18:32:36 CS-3013-VM dbus[1496]: [system] Activating via systemd: service name='org.freedesktop.hostname1' unit='dbus-org.freedesktop.hostname1.service'
Jan 15 18:32:36 CS-3013-VM systemd[1]: Starting Hostname Service...
Jan 15 18:32:36 CS-3013-VM dbus[1496]: [system] Successfully activated service 'org.freedesktop.hostname1'
Jan 15 18:32:36 CS-3013-VM systemd[1]: Started Hostname Service.
Jan 15 18:32:41 CS-3013-VM org.gtk.vfs.Daemon[2759]: ** (gvfsd:2825): WARNING **: dbus_mount_reply: Error from org.gtk.vfs.Mountable.mount(): Failed to retrieve share list from server: Connection refused
Jan 15 18:32:41 CS-3013-VM org.gtk.vfs.Daemon[2759]: ** (process:3340): WARNING **: Couldn't create directory monitor on smb://x-gnome-default-workgroup/. Error: The specified location is not mounted
Jan 15 18:32:44 CS-3013-VM org.gtk.vfs.Daemon[2759]: ** (gvfsd:2825): WARNING **: dbus_mount_reply: Error from org.gtk.vfs.Mountable.mount(): Failed to retrieve share list from server: Connection refused
Jan 15 18:32:44 CS-3013-VM org.gtk.vfs.Daemon[2759]: ** (process:3344): WARNING **: Couldn't create directory monitor on smb://x-gnome-default-workgroup/. Error: The specified location is not mounted
Jan 15 18:32:45 CS-3013-VM kernel: [  310.572162] gvfsd-smb-brows (3352) used greatest stack depth: 13376 bytes left
Jan 15 18:32:50 CS-3013-VM com.canonical.Unity.Scope.Home[2759]: (unity-scope-home:3225): libunity-WARNING **: unity-master-scope.vala:114: Unable to search scope: 'Timeout was reached'
Jan 15 18:33:04 CS-3013-VM dbus[1496]: [system] Activating service name='org.debian.apt' (using servicehelper)
Jan 15 18:33:06 CS-3013-VM AptDaemon: INFO: Initializing daemon
Jan 15 18:33:06 CS-3013-VM org.debian.apt[1496]: 18:33:06 AptDaemon [INFO]: Initializing daemon
Jan 15 18:33:06 CS-3013-VM dbus[1496]: [system] Successfully activated service 'org.debian.apt'
Jan 15 18:33:06 CS-3013-VM AptDaemon.PackageKit: INFO: Initializing PackageKit compat layer
Jan 15 18:33:06 CS-3013-VM org.debian.apt[1496]: /usr/lib/python3/dist-packages/aptdaemon/worker/pkworker.py:35: PyGIWarning: PackageKitGlib was imported without specifying a version first. Use gi.require_version('PackageKitGlib', '1.0') before import to ensure that the right version gets loaded.
Jan 15 18:33:06 CS-3013-VM org.debian.apt[1496]:   from gi.repository import PackageKitGlib as pk
Jan 15 18:33:06 CS-3013-VM org.debian.apt[1496]: 18:33:06 AptDaemon.PackageKit [INFO]: Initializing PackageKit compat layer
Jan 15 18:33:06 CS-3013-VM AptDaemon: INFO: UpdateCache() was called
Jan 15 18:33:06 CS-3013-VM org.debian.apt[1496]: 18:33:06 AptDaemon [INFO]: UpdateCache() was called
Jan 15 18:33:06 CS-3013-VM AptDaemon.Trans: INFO: Queuing transaction /org/debian/apt/transaction/ca7f82e43ed34a57809bcd04ace27471
Jan 15 18:33:06 CS-3013-VM org.debian.apt[1496]: 18:33:06 AptDaemon.Trans [INFO]: Queuing transaction /org/debian/apt/transaction/ca7f82e43ed34a57809bcd04ace27471
Jan 15 18:33:06 CS-3013-VM AptDaemon.Worker: INFO: Simulating trans: /org/debian/apt/transaction/ca7f82e43ed34a57809bcd04ace27471
Jan 15 18:33:06 CS-3013-VM org.debian.apt[1496]: 18:33:06 AptDaemon.Worker [INFO]: Simulating trans: /org/debian/apt/transaction/ca7f82e43ed34a57809bcd04ace27471
Jan 15 18:33:06 CS-3013-VM AptDaemon.Worker: INFO: Processing transaction /org/debian/apt/transaction/ca7f82e43ed34a57809bcd04ace27471
Jan 15 18:33:06 CS-3013-VM org.debian.apt[1496]: 18:33:06 AptDaemon.Worker [INFO]: Processing transaction /org/debian/apt/transaction/ca7f82e43ed34a57809bcd04ace27471
Jan 15 18:33:07 CS-3013-VM AptDaemon.Worker: INFO: Updating cache
Jan 15 18:33:07 CS-3013-VM org.debian.apt[1496]: 18:33:07 AptDaemon.Worker [INFO]: Updating cache
Jan 15 18:33:21 CS-3013-VM AptDaemon.Worker: INFO: Finished transaction /org/debian/apt/transaction/ca7f82e43ed34a57809bcd04ace27471
Jan 15 18:33:21 CS-3013-VM org.debian.apt[1496]: 18:33:21 AptDaemon.Worker [INFO]: Finished transaction /org/debian/apt/transaction/ca7f82e43ed34a57809bcd04ace27471
Jan 15 18:38:23 CS-3013-VM rsyslogd: [origin software="rsyslogd" swVersion="8.16.0" x-pid="1471" x-info="http://www.rsyslog.com"] start
Jan 15 18:38:23 CS-3013-VM rsyslogd-2222: command 'KLogPermitNonKernelFacility' is currently not permitted - did you already set it via a RainerScript command (v6+ config)? [v8.16.0 try http://www.rsyslog.com/e/2222 ]
Jan 15 18:38:23 CS-3013-VM rsyslogd: rsyslogd's groupid changed to 108
Jan 15 18:38:23 CS-3013-VM rsyslogd: rsyslogd's userid changed to 104
Jan 15 18:38:23 CS-3013-VM kernel: [    0.000000] Linux version 4.15.0-rc7McDonough (student@CS-3013-VM) (gcc version 5.4.0 20160609 (Ubuntu 5.4.0-6ubuntu1~16.04.5)) #2 SMP Fri Jan 12 15:38:41 EST 2018
Jan 15 18:38:23 CS-3013-VM kernel: [    0.000000] Command line: BOOT_IMAGE=/boot/vmlinuz-4.15.0-rc7McDonough root=UUID=48c4677d-5932-4a78-be14-e6ef89960207 ro quiet splash
Jan 15 18:38:23 CS-3013-VM kernel: [    0.000000] x86/fpu: Supporting XSAVE feature 0x001: 'x87 floating point registers'
Jan 15 18:38:23 CS-3013-VM kernel: [    0.000000] x86/fpu: Supporting XSAVE feature 0x002: 'SSE registers'
Jan 15 18:38:23 CS-3013-VM kernel: [    0.000000] x86/fpu: Supporting XSAVE feature 0x004: 'AVX registers'
Jan 15 18:38:23 CS-3013-VM rsyslogd-2039: Could not open output pipe '/dev/xconsole':: No such file or directory [v8.16.0 try http://www.rsyslog.com/e/2039 ]
